<html>
<body>
<pre>
<h1>µVision Build Log</h1>
<h2>Tool Versions:</h2>
IDE-Version: µVision V5.26.2.0
Copyright (C) 2018 ARM Ltd and ARM Germany GmbH. All rights reserved.
License Information: Irina Anokhina, Home, LIC=4ZLII-TEB96-D0BN3-A224F-8NH05-P6ATD
 
Tool Versions:
Toolchain:       MDK-ARM Professional  Version: 5.26.2.0
Toolchain Path:  C:\Keil_v5\ARM\ARMCC\Bin
C Compiler:      Armcc.exe V5.06 update 6 (build 750)
Assembler:       Armasm.exe V5.06 update 6 (build 750)
Linker/Locator:  ArmLink.exe V5.06 update 6 (build 750)
Library Manager: ArmAr.exe V5.06 update 6 (build 750)
Hex Converter:   FromElf.exe V5.06 update 6 (build 750)
CPU DLL:         SARMCM3.DLL V5.26.2.0
Dialog DLL:      DCM.DLL V1.17.2.0
Target DLL:      STLink\ST-LINKIII-KEIL_SWO.dll V3.0.5.0
Dialog DLL:      TCM.DLL V1.36.1.0
 
<h2>Project:</h2>
E:\Ira\Example_for_Nucleo\STM32CubeExpansion_MEMS1_V6.2.0\Projects\STM32F401RE-Nucleo\Applications\IKS01A2\My_proj\MDK-ARM\Project.uvprojx
Project File Date:  08/08/2019

<h2>Output:</h2>
*** Using Compiler 'V5.06 update 6 (build 750)', folder: 'C:\Keil_v5\ARM\ARMCC\Bin'
Build target 'STM32F4xx-Nucleo-IKS01A2'
creating preprocessor file for hts221.c...
creating preprocessor file for hts221_reg.c...
creating preprocessor file for lps22hb.c...
creating preprocessor file for lps22hb_reg.c...
creating preprocessor file for lsm6dsl.c...
creating preprocessor file for lsm6dsl_reg.c...
creating preprocessor file for lsm303agr.c...
creating preprocessor file for lsm303agr_reg.c...
creating preprocessor file for stm32f4xx_nucleo.c...
creating preprocessor file for iks01a2_env_sensors.c...
creating preprocessor file for iks01a2_env_sensors_ex.c...
creating preprocessor file for iks01a2_motion_sensors.c...
creating preprocessor file for iks01a2_motion_sensors_ex.c...
creating preprocessor file for system_stm32f4xx.c...
creating preprocessor file for stm32f4xx_hal.c...
creating preprocessor file for stm32f4xx_hal_cortex.c...
creating preprocessor file for stm32f4xx_hal_crc.c...
creating preprocessor file for stm32f4xx_hal_dma.c...
creating preprocessor file for stm32f4xx_hal_flash.c...
creating preprocessor file for stm32f4xx_hal_flash_ex.c...
creating preprocessor file for stm32f4xx_hal_flash_ramfunc.c...
creating preprocessor file for stm32f4xx_hal_gpio.c...
creating preprocessor file for stm32f4xx_hal_i2c.c...
creating preprocessor file for stm32f4xx_hal_i2c_ex.c...
creating preprocessor file for stm32f4xx_hal_pwr.c...
creating preprocessor file for stm32f4xx_hal_pwr_ex.c...
creating preprocessor file for stm32f4xx_hal_rcc.c...
creating preprocessor file for stm32f4xx_hal_rcc_ex.c...
creating preprocessor file for stm32f4xx_hal_rtc.c...
creating preprocessor file for stm32f4xx_hal_rtc_ex.c...
creating preprocessor file for stm32f4xx_hal_tim.c...
creating preprocessor file for stm32f4xx_hal_tim_ex.c...
creating preprocessor file for stm32f4xx_hal_uart.c...
creating preprocessor file for stm32f4xx_hal_adc.c...
creating preprocessor file for stm32f4xx_hal_adc_ex.c...
creating preprocessor file for stm32f4xx_hal_spi.c...
creating preprocessor file for DemoSerial.c...
creating preprocessor file for com.c...
creating preprocessor file for main.c...
creating preprocessor file for stm32f4xx_hal_msp.c...
creating preprocessor file for cube_hal_f4.c...
compiling main.c...
.\LSM9DS1\LSM9DS1.h(4): warning:  #1295-D: Deprecated declaration init_LSM9DS1_I2C - give arg types
  void init_LSM9DS1_I2C ();
..\Src\main.c(100): warning:  #1295-D: Deprecated declaration sensors_enable - give arg types
  void sensors_enable();
..\Src\main.c: 2 warnings, 0 errors
creating preprocessor file for stm32f4xx_it.c...
creating preprocessor file for serial_protocol.c...
creating preprocessor file for MotionEC_Manager.c...
creating preprocessor file for MotionMC_Manager.c...
creating preprocessor file for nucleo_f401re_bus.c...
creating preprocessor file for LSM9DS1.c...
compiling MotionMC_Manager.c...
creating preprocessor file for i2c.c...
linking...
Program Size: Code=58684 RO-data=800 RW-data=584 ZI-data=37056  
FromELF: creating hex file...
After Build - User command #1: C:\Keil_v5\\ARM\ARMCC\bin\fromelf.exe --bin --output=.\STM32F4xx-Nucleo-IKS01A2\Objects\STM32F4xx-Nucleo-IKS01A2.bin .\STM32F4xx-Nucleo-IKS01A2\Objects\STM32F4xx-Nucleo-IKS01A2.axf
".\STM32F4xx-Nucleo-IKS01A2\Objects\STM32F4xx-Nucleo-IKS01A2.axf" - 0 Error(s), 2 Warning(s).

<h2>Software Packages used:</h2>

Package Vendor: Keil
                http://www.keil.com/pack/Keil.STM32F4xx_DFP.2.13.0.pack
                Keil.STM32F4xx_DFP.2.13.0
                STMicroelectronics STM32F4 Series Device Support, Drivers and Examples

<h2>Collection of Component include folders:</h2>
  .\RTE\_STM32F4xx-Nucleo-IKS01A2
  C:\Keil_v5\ARM\PACK\Keil\STM32F4xx_DFP\2.13.0\Drivers\CMSIS\Device\ST\STM32F4xx\Include

<h2>Collection of Component Files used:</h2>
Build Time Elapsed:  00:00:10
</pre>
</body>
</html>
