Component: ARM Compiler 5.06 update 6 (build 750) Tool: armlink [4d35ed]

==============================================================================

Section Cross References

    hts221.o(i.HTS221_DeInit) refers to hts221.o(i.HTS221_HUM_Disable) for HTS221_HUM_Disable
    hts221.o(i.HTS221_DeInit) refers to hts221.o(i.HTS221_TEMP_Disable) for HTS221_TEMP_Disable
    hts221.o(i.HTS221_Enable_DRDY_Interrupt) refers to hts221_reg.o(i.hts221_drdy_on_int_set) for hts221_drdy_on_int_set
    hts221.o(i.HTS221_GetOutputDataRate) refers to hts221_reg.o(i.hts221_data_rate_get) for hts221_data_rate_get
    hts221.o(i.HTS221_Get_One_Shot_Status) refers to hts221_reg.o(i.hts221_hum_data_ready_get) for hts221_hum_data_ready_get
    hts221.o(i.HTS221_Get_One_Shot_Status) refers to hts221_reg.o(i.hts221_temp_data_ready_get) for hts221_temp_data_ready_get
    hts221.o(i.HTS221_HUM_Disable) refers to hts221_reg.o(i.hts221_power_on_set) for hts221_power_on_set
    hts221.o(i.HTS221_HUM_Enable) refers to hts221_reg.o(i.hts221_power_on_set) for hts221_power_on_set
    hts221.o(i.HTS221_HUM_GetHumidity) refers to hts221_reg.o(i.hts221_hum_adc_point_0_get) for hts221_hum_adc_point_0_get
    hts221.o(i.HTS221_HUM_GetHumidity) refers to hts221_reg.o(i.hts221_hum_rh_point_0_get) for hts221_hum_rh_point_0_get
    hts221.o(i.HTS221_HUM_GetHumidity) refers to hts221_reg.o(i.hts221_hum_adc_point_1_get) for hts221_hum_adc_point_1_get
    hts221.o(i.HTS221_HUM_GetHumidity) refers to hts221_reg.o(i.hts221_hum_rh_point_1_get) for hts221_hum_rh_point_1_get
    hts221.o(i.HTS221_HUM_GetHumidity) refers to hts221_reg.o(i.hts221_humidity_raw_get) for hts221_humidity_raw_get
    hts221.o(i.HTS221_HUM_GetHumidity) refers to hts221.o(i.Linear_Interpolation) for Linear_Interpolation
    hts221.o(i.HTS221_HUM_GetOutputDataRate) refers to hts221.o(i.HTS221_GetOutputDataRate) for HTS221_GetOutputDataRate
    hts221.o(i.HTS221_HUM_Get_DRDY_Status) refers to hts221_reg.o(i.hts221_hum_data_ready_get) for hts221_hum_data_ready_get
    hts221.o(i.HTS221_HUM_SetOutputDataRate) refers to hts221.o(i.HTS221_SetOutputDataRate) for HTS221_SetOutputDataRate
    hts221.o(i.HTS221_Init) refers to hts221.o(i.HTS221_Initialize) for HTS221_Initialize
    hts221.o(i.HTS221_Initialize) refers to hts221_reg.o(i.hts221_power_on_set) for hts221_power_on_set
    hts221.o(i.HTS221_Initialize) refers to hts221_reg.o(i.hts221_block_data_update_set) for hts221_block_data_update_set
    hts221.o(i.HTS221_Initialize) refers to hts221.o(i.HTS221_SetOutputDataRate) for HTS221_SetOutputDataRate
    hts221.o(i.HTS221_ReadID) refers to hts221_reg.o(i.hts221_device_id_get) for hts221_device_id_get
    hts221.o(i.HTS221_Read_Reg) refers to hts221_reg.o(i.hts221_read_reg) for hts221_read_reg
    hts221.o(i.HTS221_RegisterBusIO) refers to hts221.o(i.ReadRegWrap) for ReadRegWrap
    hts221.o(i.HTS221_RegisterBusIO) refers to hts221.o(i.WriteRegWrap) for WriteRegWrap
    hts221.o(i.HTS221_SetOutputDataRate) refers to hts221_reg.o(i.hts221_data_rate_set) for hts221_data_rate_set
    hts221.o(i.HTS221_Set_One_Shot) refers to hts221_reg.o(i.hts221_data_rate_set) for hts221_data_rate_set
    hts221.o(i.HTS221_Set_One_Shot) refers to hts221_reg.o(i.hts221_one_shoot_trigger_set) for hts221_one_shoot_trigger_set
    hts221.o(i.HTS221_TEMP_Disable) refers to hts221_reg.o(i.hts221_power_on_set) for hts221_power_on_set
    hts221.o(i.HTS221_TEMP_Enable) refers to hts221_reg.o(i.hts221_power_on_set) for hts221_power_on_set
    hts221.o(i.HTS221_TEMP_GetOutputDataRate) refers to hts221.o(i.HTS221_GetOutputDataRate) for HTS221_GetOutputDataRate
    hts221.o(i.HTS221_TEMP_GetTemperature) refers to hts221_reg.o(i.hts221_temp_adc_point_0_get) for hts221_temp_adc_point_0_get
    hts221.o(i.HTS221_TEMP_GetTemperature) refers to hts221_reg.o(i.hts221_temp_deg_point_0_get) for hts221_temp_deg_point_0_get
    hts221.o(i.HTS221_TEMP_GetTemperature) refers to hts221_reg.o(i.hts221_temp_adc_point_1_get) for hts221_temp_adc_point_1_get
    hts221.o(i.HTS221_TEMP_GetTemperature) refers to hts221_reg.o(i.hts221_temp_deg_point_1_get) for hts221_temp_deg_point_1_get
    hts221.o(i.HTS221_TEMP_GetTemperature) refers to hts221_reg.o(i.hts221_temperature_raw_get) for hts221_temperature_raw_get
    hts221.o(i.HTS221_TEMP_GetTemperature) refers to hts221.o(i.Linear_Interpolation) for Linear_Interpolation
    hts221.o(i.HTS221_TEMP_Get_DRDY_Status) refers to hts221_reg.o(i.hts221_temp_data_ready_get) for hts221_temp_data_ready_get
    hts221.o(i.HTS221_TEMP_SetOutputDataRate) refers to hts221.o(i.HTS221_SetOutputDataRate) for HTS221_SetOutputDataRate
    hts221.o(i.HTS221_Write_Reg) refers to hts221_reg.o(i.hts221_write_reg) for hts221_write_reg
    hts221.o(.data) refers to hts221.o(i.HTS221_Init) for HTS221_Init
    hts221.o(.data) refers to hts221.o(i.HTS221_DeInit) for HTS221_DeInit
    hts221.o(.data) refers to hts221.o(i.HTS221_ReadID) for HTS221_ReadID
[...]
    HAL_UART_RxHalfCpltCallback              0x0800770f   Thumb Code     2  stm32f4xx_hal_uart.o(i.HAL_UART_RxHalfCpltCallback)
    HAL_UART_Transmit                        0x08007711   Thumb Code   214  stm32f4xx_hal_uart.o(i.HAL_UART_Transmit)
    HTS221_DeInit                            0x08007919   Thumb Code    50  hts221.o(i.HTS221_DeInit)
    HTS221_GetCapabilities                   0x0800794d   Thumb Code    44  hts221.o(i.HTS221_GetCapabilities)
    HTS221_HUM_Disable                       0x080079e1   Thumb Code    48  hts221.o(i.HTS221_HUM_Disable)
    HTS221_HUM_Enable                        0x08007a11   Thumb Code    50  hts221.o(i.HTS221_HUM_Enable)
    HTS221_HUM_GetHumidity                   0x08007a45   Thumb Code   246  hts221.o(i.HTS221_HUM_GetHumidity)
    HTS221_HUM_GetOutputDataRate             0x08007b45   Thumb Code    16  hts221.o(i.HTS221_HUM_GetOutputDataRate)
    HTS221_HUM_SetOutputDataRate             0x08007b55   Thumb Code    28  hts221.o(i.HTS221_HUM_SetOutputDataRate)
    HTS221_Init                              0x08007b71   Thumb Code    34  hts221.o(i.HTS221_Init)
    HTS221_ReadID                            0x08007bd1   Thumb Code    28  hts221.o(i.HTS221_ReadID)
    HTS221_RegisterBusIO                     0x08007bed   Thumb Code    68  hts221.o(i.HTS221_RegisterBusIO)
    HTS221_TEMP_Disable                      0x08007c87   Thumb Code    48  hts221.o(i.HTS221_TEMP_Disable)
    HTS221_TEMP_Enable                       0x08007cb7   Thumb Code    50  hts221.o(i.HTS221_TEMP_Enable)
    HTS221_TEMP_GetOutputDataRate            0x08007ce9   Thumb Code    16  hts221.o(i.HTS221_TEMP_GetOutputDataRate)
    HTS221_TEMP_GetTemperature               0x08007cf9   Thumb Code   198  hts221.o(i.HTS221_TEMP_GetTemperature)
    HTS221_TEMP_SetOutputDataRate            0x08007dbf   Thumb Code    28  hts221.o(i.HTS221_TEMP_SetOutputDataRate)
    HandleMSG                                0x08007ddd   Thumb Code   666  demoserial.o(i.HandleMSG)
    HardFault_Handler                        0x0800808d   Thumb Code     4  stm32f4xx_it.o(i.HardFault_Handler)
    IKS01A2_ENV_SENSOR_Disable               0x08008629   Thumb Code    78  iks01a2_env_sensors.o(i.IKS01A2_ENV_SENSOR_Disable)
    IKS01A2_ENV_SENSOR_Enable                0x08008689   Thumb Code    78  iks01a2_env_sensors.o(i.IKS01A2_ENV_SENSOR_Enable)
    IKS01A2_ENV_SENSOR_GetValue              0x080086e9   Thumb Code    86  iks01a2_env_sensors.o(i.IKS01A2_ENV_SENSOR_GetValue)
    IKS01A2_ENV_SENSOR_Init                  0x08008751   Thumb Code   278  iks01a2_env_sensors.o(i.IKS01A2_ENV_SENSOR_Init)
    IKS01A2_MOTION_SENSOR_Disable            0x08008879   Thumb Code    78  iks01a2_motion_sensors.o(i.IKS01A2_MOTION_SENSOR_Disable)
    IKS01A2_MOTION_SENSOR_Enable             0x080088d9   Thumb Code    78  iks01a2_motion_sensors.o(i.IKS01A2_MOTION_SENSOR_Enable)
    IKS01A2_MOTION_SENSOR_GetAxes            0x08008939   Thumb Code    86  iks01a2_motion_sensors.o(i.IKS01A2_MOTION_SENSOR_GetAxes)
    IKS01A2_MOTION_SENSOR_Init               0x080089a1   Thumb Code   364  iks01a2_motion_sensors.o(i.IKS01A2_MOTION_SENSOR_Init)
    IKS01A2_MOTION_SENSOR_SetFullScale       0x08008b1d   Thumb Code    86  iks01a2_motion_sensors.o(i.IKS01A2_MOTION_SENSOR_SetFullScale)
    IKS01A2_MOTION_SENSOR_SetOutputDataRate  0x08008b85   Thumb Code    94  iks01a2_motion_sensors.o(i.IKS01A2_MOTION_SENSOR_SetOutputDataRate)
    INIT_STREAMING_HEADER                    0x08008bf5   Thumb Code    20  demoserial.o(i.INIT_STREAMING_HEADER)
    LPS22HB_DeInit                           0x08008d91   Thumb Code    50  lps22hb.o(i.LPS22HB_DeInit)
    LPS22HB_GetCapabilities                  0x08008dc5   Thumb Code    42  lps22hb.o(i.LPS22HB_GetCapabilities)
    LPS22HB_Init                             0x08008e79   Thumb Code    34  lps22hb.o(i.LPS22HB_Init)
    LPS22HB_PRESS_Disable                    0x08008f19   Thumb Code    68  lps22hb.o(i.LPS22HB_PRESS_Disable)
    LPS22HB_PRESS_Enable                     0x08008f5d   Thumb Code    46  lps22hb.o(i.LPS22HB_PRESS_Enable)
    LPS22HB_PRESS_GetOutputDataRate          0x08008f8b   Thumb Code    16  lps22hb.o(i.LPS22HB_PRESS_GetOutputDataRate)
    LPS22HB_PRESS_GetPressure                0x08008f9b   Thumb Code    42  lps22hb.o(i.LPS22HB_PRESS_GetPressure)
    LPS22HB_PRESS_SetOutputDataRate          0x08008fc5   Thumb Code    48  lps22hb.o(i.LPS22HB_PRESS_SetOutputDataRate)
    LPS22HB_ReadID                           0x08008ff5   Thumb Code    28  lps22hb.o(i.LPS22HB_ReadID)
    LPS22HB_RegisterBusIO                    0x08009011   Thumb Code   112  lps22hb.o(i.LPS22HB_RegisterBusIO)
    LPS22HB_TEMP_Disable                     0x0800916d   Thumb Code    68  lps22hb.o(i.LPS22HB_TEMP_Disable)
    LPS22HB_TEMP_Enable                      0x080091b1   Thumb Code    46  lps22hb.o(i.LPS22HB_TEMP_Enable)
    LPS22HB_TEMP_GetOutputDataRate           0x080091df   Thumb Code    16  lps22hb.o(i.LPS22HB_TEMP_GetOutputDataRate)
    LPS22HB_TEMP_GetTemperature              0x080091ef   Thumb Code    44  lps22hb.o(i.LPS22HB_TEMP_GetTemperature)
    LPS22HB_TEMP_SetOutputDataRate           0x0800921b   Thumb Code    48  lps22hb.o(i.LPS22HB_TEMP_SetOutputDataRate)
    LPS22HB_Write_Reg                        0x0800924b   Thumb Code    32  lps22hb.o(i.LPS22HB_Write_Reg)
    LSM303AGR_ACC_DeInit                     0x08009371   Thumb Code    32  lsm303agr.o(i.LSM303AGR_ACC_DeInit)
    LSM303AGR_ACC_Disable                    0x08009391   Thumb Code    62  lsm303agr.o(i.LSM303AGR_ACC_Disable)
    LSM303AGR_ACC_Enable                     0x080093cf   Thumb Code    46  lsm303agr.o(i.LSM303AGR_ACC_Enable)
    LSM303AGR_ACC_GetAxes                    0x080093fd   Thumb Code   134  lsm303agr.o(i.LSM303AGR_ACC_GetAxes)
    LSM303AGR_ACC_GetAxesRaw                 0x08009489   Thumb Code   130  lsm303agr.o(i.LSM303AGR_ACC_GetAxesRaw)
    LSM303AGR_ACC_GetCapabilities            0x0800950d   Thumb Code    50  lsm303agr.o(i.LSM303AGR_ACC_GetCapabilities)
    LSM303AGR_ACC_GetFullScale               0x08009549   Thumb Code    80  lsm303agr.o(i.LSM303AGR_ACC_GetFullScale)
    LSM303AGR_ACC_GetOutputDataRate          0x08009599   Thumb Code   304  lsm303agr.o(i.LSM303AGR_ACC_GetOutputDataRate)
    LSM303AGR_ACC_GetSensitivity             0x080096e9   Thumb Code   106  lsm303agr.o(i.LSM303AGR_ACC_GetSensitivity)
    LSM303AGR_ACC_Init                       0x080098a5   Thumb Code    92  lsm303agr.o(i.LSM303AGR_ACC_Init)
    LSM303AGR_ACC_ReadID                     0x08009901   Thumb Code    28  lsm303agr.o(i.LSM303AGR_ACC_ReadID)
    LSM303AGR_ACC_RegisterBusIO              0x0800991d   Thumb Code   114  lsm303agr.o(i.LSM303AGR_ACC_RegisterBusIO)
    LSM303AGR_ACC_SetFullScale               0x08009999   Thumb Code    56  lsm303agr.o(i.LSM303AGR_ACC_SetFullScale)
    LSM303AGR_ACC_SetOutputDataRate          0x080099d1   Thumb Code    48  lsm303agr.o(i.LSM303AGR_ACC_SetOutputDataRate)
    LSM303AGR_ACC_Write_Reg                  0x08009b29   Thumb Code    32  lsm303agr.o(i.LSM303AGR_ACC_Write_Reg)
    LSM303AGR_MAG_DeInit                     0x08009c4d   Thumb Code    28  lsm303agr.o(i.LSM303AGR_MAG_DeInit)
    LSM303AGR_MAG_Disable                    0x08009c69   Thumb Code    42  lsm303agr.o(i.LSM303AGR_MAG_Disable)
    LSM303AGR_MAG_Enable                     0x08009c93   Thumb Code    44  lsm303agr.o(i.LSM303AGR_MAG_Enable)
    LSM303AGR_MAG_GetAxes                    0x08009cbf   Thumb Code   120  lsm303agr.o(i.LSM303AGR_MAG_GetAxes)
    LSM303AGR_MAG_GetAxesRaw                 0x08009d37   Thumb Code    46  lsm303agr.o(i.LSM303AGR_MAG_GetAxesRaw)
    LSM303AGR_MAG_GetCapabilities            0x08009d65   Thumb Code    52  lsm303agr.o(i.LSM303AGR_MAG_GetCapabilities)
    LSM303AGR_MAG_GetFullScale               0x08009da1   Thumb Code    10  lsm303agr.o(i.LSM303AGR_MAG_GetFullScale)
    LSM303AGR_MAG_GetOutputDataRate          0x08009dad   Thumb Code    96  lsm303agr.o(i.LSM303AGR_MAG_GetOutputDataRate)
    LSM303AGR_MAG_GetSensitivity             0x08009e15   Thumb Code    14  lsm303agr.o(i.LSM303AGR_MAG_GetSensitivity)
    LSM303AGR_MAG_Init                       0x08009e23   Thumb Code    86  lsm303agr.o(i.LSM303AGR_MAG_Init)
    LSM303AGR_MAG_ReadID                     0x08009e79   Thumb Code    28  lsm303agr.o(i.LSM303AGR_MAG_ReadID)
    LSM303AGR_MAG_RegisterBusIO              0x08009e95   Thumb Code   106  lsm303agr.o(i.LSM303AGR_MAG_RegisterBusIO)
    LSM303AGR_MAG_SetFullScale               0x08009f09   Thumb Code     6  lsm303agr.o(i.LSM303AGR_MAG_SetFullScale)
    LSM303AGR_MAG_SetOutputDataRate          0x08009f11   Thumb Code    96  lsm303agr.o(i.LSM303AGR_MAG_SetOutputDataRate)
    LSM6DSL_ACC_Disable                      0x0800a0a5   Thumb Code    62  lsm6dsl.o(i.LSM6DSL_ACC_Disable)
    LSM6DSL_ACC_Enable                       0x0800a0e3   Thumb Code    46  lsm6dsl.o(i.LSM6DSL_ACC_Enable)
    LSM6DSL_ACC_GetAxes                      0x0800a111   Thumb Code   136  lsm6dsl.o(i.LSM6DSL_ACC_GetAxes)
    LSM6DSL_ACC_GetAxesRaw                   0x0800a19d   Thumb Code    46  lsm6dsl.o(i.LSM6DSL_ACC_GetAxesRaw)
    LSM6DSL_ACC_GetFullScale                 0x0800a1cb   Thumb Code    80  lsm6dsl.o(i.LSM6DSL_ACC_GetFullScale)
    LSM6DSL_ACC_GetOutputDataRate            0x0800a21d   Thumb Code   180  lsm6dsl.o(i.LSM6DSL_ACC_GetOutputDataRate)
    LSM6DSL_ACC_GetSensitivity               0x0800a2f9   Thumb Code    96  lsm6dsl.o(i.LSM6DSL_ACC_GetSensitivity)
    LSM6DSL_ACC_SetFullScale                 0x0800a369   Thumb Code    56  lsm6dsl.o(i.LSM6DSL_ACC_SetFullScale)
    LSM6DSL_ACC_SetOutputDataRate            0x0800a3a1   Thumb Code    48  lsm6dsl.o(i.LSM6DSL_ACC_SetOutputDataRate)
    LSM6DSL_DeInit                           0x0800a585   Thumb Code    48  lsm6dsl.o(i.LSM6DSL_DeInit)
    LSM6DSL_GYRO_Disable                     0x0800a5b5   Thumb Code    62  lsm6dsl.o(i.LSM6DSL_GYRO_Disable)
    LSM6DSL_GYRO_Enable                      0x0800a5f3   Thumb Code    46  lsm6dsl.o(i.LSM6DSL_GYRO_Enable)
    LSM6DSL_GYRO_GetAxes                     0x0800a621   Thumb Code   128  lsm6dsl.o(i.LSM6DSL_GYRO_GetAxes)
    LSM6DSL_GYRO_GetAxesRaw                  0x0800a6a1   Thumb Code    46  lsm6dsl.o(i.LSM6DSL_GYRO_GetAxesRaw)
    LSM6DSL_GYRO_GetFullScale                0x0800a6cf   Thumb Code    92  lsm6dsl.o(i.LSM6DSL_GYRO_GetFullScale)
    LSM6DSL_GYRO_GetOutputDataRate           0x0800a72d   Thumb Code   170  lsm6dsl.o(i.LSM6DSL_GYRO_GetOutputDataRate)
    LSM6DSL_GYRO_GetSensitivity              0x0800a7fd   Thumb Code   106  lsm6dsl.o(i.LSM6DSL_GYRO_GetSensitivity)
    LSM6DSL_GYRO_SetFullScale                0x0800a87d   Thumb Code    68  lsm6dsl.o(i.LSM6DSL_GYRO_SetFullScale)
    LSM6DSL_GYRO_SetOutputDataRate           0x0800a8c1   Thumb Code    48  lsm6dsl.o(i.LSM6DSL_GYRO_SetOutputDataRate)
    LSM6DSL_GetCapabilities                  0x0800aaa5   Thumb Code    54  lsm6dsl.o(i.LSM6DSL_GetCapabilities)
    LSM6DSL_Init                             0x0800aae5   Thumb Code   152  lsm6dsl.o(i.LSM6DSL_Init)
    LSM6DSL_ReadID                           0x0800ab7d   Thumb Code    28  lsm6dsl.o(i.LSM6DSL_ReadID)
    LSM6DSL_RegisterBusIO                    0x0800ab99   Thumb Code   114  lsm6dsl.o(i.LSM6DSL_RegisterBusIO)
    LSM6DSL_Write_Reg                        0x0800ac15   Thumb Code    32  lsm6dsl.o(i.LSM6DSL_Write_Reg)
    MX_I2C1_Init                             0x0800acb5   Thumb Code    50  nucleo_f401re_bus.o(i.MX_I2C1_Init)
    MX_I2C2_Init                             0x0800acf1   Thumb Code    48  i2c.o(i.MX_I2C2_Init)
    MotionEC_manager_get_version             0x0800ae4d   Thumb Code    16  motionec_manager.o(i.MotionEC_manager_get_version)
    MotionEC_manager_init                    0x0800ae5d   Thumb Code    38  motionec_manager.o(i.MotionEC_manager_init)
    MotionEC_manager_run                     0x0800ae85   Thumb Code   484  motionec_manager.o(i.MotionEC_manager_run)
    MotionMC_LoadCalFromNVM                  0x0800b085   Thumb Code     6  motionmc_manager.o(i.MotionMC_LoadCalFromNVM)
    MotionMC_SaveCalInNVM                    0x0800b08b   Thumb Code     6  motionmc_manager.o(i.MotionMC_SaveCalInNVM)
    MotionMC_manager_compensate              0x0800b091   Thumb Code   248  motionmc_manager.o(i.MotionMC_manager_compensate)
    MotionMC_manager_get_params              0x0800b18d   Thumb Code    12  motionmc_manager.o(i.MotionMC_manager_get_params)
    MotionMC_manager_init                    0x0800b199   Thumb Code    16  motionmc_manager.o(i.MotionMC_manager_init)
    MotionMC_manager_run                     0x0800b1a9   Thumb Code   148  motionmc_manager.o(i.MotionMC_manager_run)
    MotionMC_manager_update                  0x0800b249   Thumb Code    12  motionmc_manager.o(i.MotionMC_manager_update)
    NMI_Handler                              0x0800b255   Thumb Code     2  stm32f4xx_it.o(i.NMI_Handler)
    RTC_Bcd2ToByte                           0x0800b2b9   Thumb Code    22  stm32f4xx_hal_rtc.o(i.RTC_Bcd2ToByte)
    RTC_ByteToBcd2                           0x0800b2cf   Thumb Code    26  stm32f4xx_hal_rtc.o(i.RTC_ByteToBcd2)
    RTC_DateRegulate                         0x0800b365   Thumb Code    44  main.o(i.RTC_DateRegulate)
    RTC_EnterInitMode                        0x0800b395   Thumb Code    62  stm32f4xx_hal_rtc.o(i.RTC_EnterInitMode)
    RTC_TimeRegulate                         0x0800b42d   Thumb Code    54  main.o(i.RTC_TimeRegulate)
    ReverseByteStuffCopyByte2                0x0800b5dd   Thumb Code    38  serial_protocol.o(i.ReverseByteStuffCopyByte2)
    Serialize_s32                            0x0800b603   Thumb Code    26  serial_protocol.o(i.Serialize_s32)
    SysTick_Handler                          0x0800b61d   Thumb Code     8  stm32f4xx_it.o(i.SysTick_Handler)
    SystemClock_Config                       0x0800b625   Thumb Code   178  cube_hal_f4.o(i.SystemClock_Config)
    SystemInit                               0x0800b6e1   Thumb Code    82  system_stm32f4xx.o(i.SystemInit)
    TIM3_IRQHandler                          0x0800b745   Thumb Code    10  stm32f4xx_it.o(i.TIM3_IRQHandler)
    TIM_Base_SetConfig                       0x0800b755   Thumb Code   134  stm32f4xx_hal_tim.o(i.TIM_Base_SetConfig)
    TIM_ETR_SetConfig                        0x0800b7f9   Thumb Code    22  stm32f4xx_hal_tim.o(i.TIM_ETR_SetConfig)
    UART_ReceivedMSG                         0x0800b971   Thumb Code   256  com.o(i.UART_ReceivedMSG)
    UART_SendMsg                             0x0800ba7d   Thumb Code    36  com.o(i.UART_SendMsg)
    USARTConfig                              0x0800be7d   Thumb Code   252  com.o(i.USARTConfig)
    USART_DMA_Configuration                  0x0800bf91   Thumb Code    32  com.o(i.USART_DMA_Configuration)
    __ARM_fpclassify                         0x0800c0d9   Thumb Code    48  fpclassify.o(i.__ARM_fpclassify)
    __ARM_fpclassifyf                        0x0800c109   Thumb Code    38  fpclassifyf.o(i.__ARM_fpclassifyf)
    __hardfp_acosf                           0x0800c131   Thumb Code   234  acosf.o(i.__hardfp_acosf)
    __hardfp_asin                            0x0800c249   Thumb Code   770  asin.o(i.__hardfp_asin)
    __hardfp_atan                            0x0800c5a9   Thumb Code   622  atan.o(i.__hardfp_atan)
    __hardfp_atan2                           0x0800c881   Thumb Code   432  atan2.o(i.__hardfp_atan2)
    __hardfp_atan2f                          0x0800ca71   Thumb Code   502  atan2f.o(i.__hardfp_atan2f)
    __hardfp_cosf                            0x0800ccc1   Thumb Code   280  cosf.o(i.__hardfp_cosf)
    __hardfp_floorf                          0x0800ce11   Thumb Code    98  floorf.o(i.__hardfp_floorf)
    __hardfp_roundf                          0x0800ce81   Thumb Code   154  roundf.o(i.__hardfp_roundf)
    __hardfp_sinf                            0x0800cf1d   Thumb Code   344  sinf.o(i.__hardfp_sinf)
    __kernel_poly                            0x0800d0ad   Thumb Code   248  poly.o(i.__kernel_poly)
    __mathlib_dbl_infnan                     0x0800d1a5   Thumb Code    20  dunder.o(i.__mathlib_dbl_infnan)
    __mathlib_dbl_infnan2                    0x0800d1b9   Thumb Code    20  dunder.o(i.__mathlib_dbl_infnan2)
    __mathlib_dbl_invalid                    0x0800d1d1   Thumb Code    24  dunder.o(i.__mathlib_dbl_invalid)
    __mathlib_dbl_underflow                  0x0800d1f1   Thumb Code    24  dunder.o(i.__mathlib_dbl_underflow)
    __mathlib_flt_infnan                     0x0800d211   Thumb Code     6  funder.o(i.__mathlib_flt_infnan)
    __mathlib_flt_infnan2                    0x0800d217   Thumb Code     6  funder.o(i.__mathlib_flt_infnan2)
    __mathlib_flt_invalid                    0x0800d21d   Thumb Code    10  funder.o(i.__mathlib_flt_invalid)
    __mathlib_flt_underflow                  0x0800d22d   Thumb Code    10  funder.o(i.__mathlib_flt_underflow)
    __mathlib_rredf2                         0x0800d23d   Thumb Code   316  rredf.o(i.__mathlib_rredf2)
    __scatterload_copy                       0x0800d391   Thumb Code    14  handlers.o(i.__scatterload_copy)
    __scatterload_null                       0x0800d39f   Thumb Code     2  handlers.o(i.__scatterload_null)
    __scatterload_zeroinit                   0x0800d3a1   Thumb Code    14  handlers.o(i.__scatterload_zeroinit)
    __set_errno                              0x0800d3b1   Thumb Code     6  errno.o(i.__set_errno)
    acosf                                    0x0800d3bd   Thumb Code    16  acosf.o(i.acosf)
    asin                                     0x0800d3cd   Thumb Code    16  asin.o(i.asin)
    atan                                     0x0800d3dd   Thumb Code    16  atan.o(i.atan)
    atan2                                    0x0800d3ed   Thumb Code    20  atan2.o(i.atan2)
    cosf                                     0x0800d505   Thumb Code    16  cosf.o(i.cosf)
    fabs                                     0x0800d515   Thumb Code    24  fabs.o(i.fabs)
    hts221_block_data_update_set             0x0800d52d   Thumb Code    50  hts221_reg.o(i.hts221_block_data_update_set)
    hts221_data_rate_get                     0x0800d55f   Thumb Code    80  hts221_reg.o(i.hts221_data_rate_get)
    hts221_data_rate_set                     0x0800d5af   Thumb Code    50  hts221_reg.o(i.hts221_data_rate_set)
    hts221_device_id_get                     0x0800d5e1   Thumb Code    24  hts221_reg.o(i.hts221_device_id_get)
    hts221_hum_adc_point_0_get               0x0800d5f9   Thumb Code    24  hts221_reg.o(i.hts221_hum_adc_point_0_get)
    hts221_hum_adc_point_1_get               0x0800d611   Thumb Code    24  hts221_reg.o(i.hts221_hum_adc_point_1_get)
    hts221_hum_rh_point_0_get                0x0800d629   Thumb Code    30  hts221_reg.o(i.hts221_hum_rh_point_0_get)
    hts221_hum_rh_point_1_get                0x0800d647   Thumb Code    30  hts221_reg.o(i.hts221_hum_rh_point_1_get)
    hts221_humidity_raw_get                  0x0800d665   Thumb Code    24  hts221_reg.o(i.hts221_humidity_raw_get)
    hts221_power_on_set                      0x0800d67d   Thumb Code    50  hts221_reg.o(i.hts221_power_on_set)
    hts221_read_reg                          0x0800d6af   Thumb Code    32  hts221_reg.o(i.hts221_read_reg)
    hts221_temp_adc_point_0_get              0x0800d6cf   Thumb Code    24  hts221_reg.o(i.hts221_temp_adc_point_0_get)
    hts221_temp_adc_point_1_get              0x0800d6e7   Thumb Code    24  hts221_reg.o(i.hts221_temp_adc_point_1_get)
    hts221_temp_deg_point_0_get              0x0800d6ff   Thumb Code    64  hts221_reg.o(i.hts221_temp_deg_point_0_get)
    hts221_temp_deg_point_1_get              0x0800d73f   Thumb Code    64  hts221_reg.o(i.hts221_temp_deg_point_1_get)
    hts221_temperature_raw_get               0x0800d77f   Thumb Code    24  hts221_reg.o(i.hts221_temperature_raw_get)
    hts221_write_reg                         0x0800d797   Thumb Code    34  hts221_reg.o(i.hts221_write_reg)
    init_LSM9DS1_I2C                         0x0800d7b9   Thumb Code   476  lsm9ds1.o(i.init_LSM9DS1_I2C)
    lps22hb_auto_add_inc_set                 0x0800d99d   Thumb Code    50  lps22hb_reg.o(i.lps22hb_auto_add_inc_set)
    lps22hb_block_data_update_set            0x0800d9cf   Thumb Code    50  lps22hb_reg.o(i.lps22hb_block_data_update_set)
    lps22hb_data_rate_get                    0x0800da01   Thumb Code    90  lps22hb_reg.o(i.lps22hb_data_rate_get)
    lps22hb_data_rate_set                    0x0800da5b   Thumb Code    50  lps22hb_reg.o(i.lps22hb_data_rate_set)
    lps22hb_device_id_get                    0x0800da8d   Thumb Code    24  lps22hb_reg.o(i.lps22hb_device_id_get)
    lps22hb_from_lsb_to_degc                 0x0800daa5   Thumb Code    18  lps22hb_reg.o(i.lps22hb_from_lsb_to_degc)
    lps22hb_from_lsb_to_hpa                  0x0800dabd   Thumb Code    18  lps22hb_reg.o(i.lps22hb_from_lsb_to_hpa)
    lps22hb_low_pass_filter_mode_set         0x0800dad5   Thumb Code    50  lps22hb_reg.o(i.lps22hb_low_pass_filter_mode_set)
    lps22hb_low_power_set                    0x0800db07   Thumb Code    50  lps22hb_reg.o(i.lps22hb_low_power_set)
    lps22hb_pressure_raw_get                 0x0800db39   Thumb Code    24  lps22hb_reg.o(i.lps22hb_pressure_raw_get)
    lps22hb_read_reg                         0x0800db51   Thumb Code    32  lps22hb_reg.o(i.lps22hb_read_reg)
    lps22hb_temperature_raw_get              0x0800db71   Thumb Code    24  lps22hb_reg.o(i.lps22hb_temperature_raw_get)
    lps22hb_write_reg                        0x0800db89   Thumb Code    34  lps22hb_reg.o(i.lps22hb_write_reg)
    lsm303agr_acceleration_raw_get           0x0800dbab   Thumb Code    24  lsm303agr_reg.o(i.lsm303agr_acceleration_raw_get)
    lsm303agr_mag_block_data_update_set      0x0800dbc3   Thumb Code    50  lsm303agr_reg.o(i.lsm303agr_mag_block_data_update_set)
    lsm303agr_mag_data_rate_get              0x0800dbf5   Thumb Code    80  lsm303agr_reg.o(i.lsm303agr_mag_data_rate_get)
    lsm303agr_mag_data_rate_set              0x0800dc45   Thumb Code    50  lsm303agr_reg.o(i.lsm303agr_mag_data_rate_set)
    lsm303agr_mag_device_id_get              0x0800dc77   Thumb Code    24  lsm303agr_reg.o(i.lsm303agr_mag_device_id_get)
    lsm303agr_mag_i2c_interface_set          0x0800dc8f   Thumb Code    50  lsm303agr_reg.o(i.lsm303agr_mag_i2c_interface_set)
    lsm303agr_mag_operating_mode_set         0x0800dcc1   Thumb Code    50  lsm303agr_reg.o(i.lsm303agr_mag_operating_mode_set)
    lsm303agr_mag_self_test_set              0x0800dcf3   Thumb Code    50  lsm303agr_reg.o(i.lsm303agr_mag_self_test_set)
    lsm303agr_magnetic_raw_get               0x0800dd25   Thumb Code    24  lsm303agr_reg.o(i.lsm303agr_magnetic_raw_get)
    lsm303agr_read_reg                       0x0800dd3d   Thumb Code    32  lsm303agr_reg.o(i.lsm303agr_read_reg)
    lsm303agr_write_reg                      0x0800dd5d   Thumb Code    34  lsm303agr_reg.o(i.lsm303agr_write_reg)
    lsm303agr_xl_block_data_update_set       0x0800dd7f   Thumb Code    50  lsm303agr_reg.o(i.lsm303agr_xl_block_data_update_set)
    lsm303agr_xl_data_rate_get               0x0800ddb1   Thumb Code   116  lsm303agr_reg.o(i.lsm303agr_xl_data_rate_get)
    lsm303agr_xl_data_rate_set               0x0800de25   Thumb Code    50  lsm303agr_reg.o(i.lsm303agr_xl_data_rate_set)
    lsm303agr_xl_device_id_get               0x0800de57   Thumb Code    24  lsm303agr_reg.o(i.lsm303agr_xl_device_id_get)
    lsm303agr_xl_fifo_mode_set               0x0800de6f   Thumb Code    50  lsm303agr_reg.o(i.lsm303agr_xl_fifo_mode_set)
    lsm303agr_xl_full_scale_get              0x0800dea1   Thumb Code    80  lsm303agr_reg.o(i.lsm303agr_xl_full_scale_get)
    lsm303agr_xl_full_scale_set              0x0800def1   Thumb Code    50  lsm303agr_reg.o(i.lsm303agr_xl_full_scale_set)
    lsm303agr_xl_operating_mode_get          0x0800df23   Thumb Code    76  lsm303agr_reg.o(i.lsm303agr_xl_operating_mode_get)
    lsm6dsl_acceleration_raw_get             0x0800df6f   Thumb Code    24  lsm6dsl_reg.o(i.lsm6dsl_acceleration_raw_get)
    lsm6dsl_angular_rate_raw_get             0x0800df87   Thumb Code    24  lsm6dsl_reg.o(i.lsm6dsl_angular_rate_raw_get)
    lsm6dsl_auto_increment_set               0x0800df9f   Thumb Code    50  lsm6dsl_reg.o(i.lsm6dsl_auto_increment_set)
    lsm6dsl_block_data_update_set            0x0800dfd1   Thumb Code    50  lsm6dsl_reg.o(i.lsm6dsl_block_data_update_set)
    lsm6dsl_device_id_get                    0x0800e003   Thumb Code    24  lsm6dsl_reg.o(i.lsm6dsl_device_id_get)
    lsm6dsl_fifo_mode_set                    0x0800e01b   Thumb Code    50  lsm6dsl_reg.o(i.lsm6dsl_fifo_mode_set)
    lsm6dsl_gy_data_rate_get                 0x0800e04d   Thumb Code   124  lsm6dsl_reg.o(i.lsm6dsl_gy_data_rate_get)
    lsm6dsl_gy_data_rate_set                 0x0800e0c9   Thumb Code    50  lsm6dsl_reg.o(i.lsm6dsl_gy_data_rate_set)
    lsm6dsl_gy_full_scale_get                0x0800e0fb   Thumb Code    86  lsm6dsl_reg.o(i.lsm6dsl_gy_full_scale_get)
    lsm6dsl_gy_full_scale_set                0x0800e151   Thumb Code    50  lsm6dsl_reg.o(i.lsm6dsl_gy_full_scale_set)
    lsm6dsl_read_reg                         0x0800e183   Thumb Code    32  lsm6dsl_reg.o(i.lsm6dsl_read_reg)
    lsm6dsl_write_reg                        0x0800e1a3   Thumb Code    34  lsm6dsl_reg.o(i.lsm6dsl_write_reg)
    lsm6dsl_xl_data_rate_get                 0x0800e1c5   Thumb Code   130  lsm6dsl_reg.o(i.lsm6dsl_xl_data_rate_get)
    lsm6dsl_xl_data_rate_set                 0x0800e247   Thumb Code    50  lsm6dsl_reg.o(i.lsm6dsl_xl_data_rate_set)
    lsm6dsl_xl_full_scale_get                0x0800e279   Thumb Code    80  lsm6dsl_reg.o(i.lsm6dsl_xl_full_scale_get)
    lsm6dsl_xl_full_scale_set                0x0800e2c9   Thumb Code    50  lsm6dsl_reg.o(i.lsm6dsl_xl_full_scale_set)
    main                                     0x0800e2fd   Thumb Code   232  main.o(i.main)
    roundf                                   0x0800e4fd   Thumb Code    16  roundf.o(i.roundf)
    sqrt                                     0x0800e50d   Thumb Code   110  sqrt.o(i.sqrt)
    sqrtf                                    0x0800e57b   Thumb Code    62  sqrtf.o(i.sqrtf)
    GPIO_PIN                                 0x0800e6c0   Data           2  stm32f4xx_nucleo.o(.constdata)
    BUTTON_PIN                               0x0800e6c2   Data           2  stm32f4xx_nucleo.o(.constdata)
    BUTTON_IRQn                              0x0800e6c4   Data           1  stm32f4xx_nucleo.o(.constdata)
    AHBPrescTable                            0x0800e6c5   Data          16  system_stm32f4xx.o(.constdata)
    APBPrescTable                            0x0800e6d5   Data           8  system_stm32f4xx.o(.constdata)
    __mathlib_zero                           0x0800e7e0   Data           8  qnan.o(.constdata)
    Region$$Table$$Base                      0x0800e82c   Number         0  anon$$obj.o(Region$$Table)
    Region$$Table$$Limit                     0x0800e84c   Number         0  anon$$obj.o(Region$$Table)
    HTS221_COMMON_Driver                     0x20000000   Data          16  hts221.o(.data)
    HTS221_HUM_Driver                        0x20000010   Data          20  hts221.o(.data)
    HTS221_TEMP_Driver                       0x20000024   Data          20  hts221.o(.data)
    LPS22HB_COMMON_Driver                    0x20000038   Data          16  lps22hb.o(.data)
    LPS22HB_PRESS_Driver                     0x20000048   Data          20  lps22hb.o(.data)
    LPS22HB_TEMP_Driver                      0x2000005c   Data          20  lps22hb.o(.data)
    LSM6DSL_COMMON_Driver                    0x20000070   Data          16  lsm6dsl.o(.data)
    LSM6DSL_ACC_Driver                       0x20000080   Data          36  lsm6dsl.o(.data)
    LSM6DSL_GYRO_Driver                      0x200000a4   Data          36  lsm6dsl.o(.data)
    LSM303AGR_ACC_COMMON_Driver              0x200000c8   Data          16  lsm303agr.o(.data)
    LSM303AGR_ACC_Driver                     0x200000d8   Data          36  lsm303agr.o(.data)
    LSM303AGR_MAG_COMMON_Driver              0x200000fc   Data          16  lsm303agr.o(.data)
    LSM303AGR_MAG_Driver                     0x2000010c   Data          36  lsm303agr.o(.data)
    GPIO_PORT                                0x20000130   Data           4  stm32f4xx_nucleo.o(.data)
    BUTTON_PORT                              0x20000134   Data           4  stm32f4xx_nucleo.o(.data)
    SpixTimeout                              0x20000138   Data           4  stm32f4xx_nucleo.o(.data)
    EnvCompObj                               0x2000013c   Data           8  iks01a2_env_sensors.o(.data)
    SystemCoreClock                          0x2000017c   Data           4  system_stm32f4xx.o(.data)
    uwTick                                   0x20000180   Data           4  stm32f4xx_hal.o(.data)
    uwTickPrio                               0x20000184   Data           4  stm32f4xx_hal.o(.data)
    uwTickFreq                               0x20000188   Data           1  stm32f4xx_hal.o(.data)
    DataLoggerActive                         0x20000189   Data           1  demoserial.o(.data)
    UsartBaudRate                            0x200001b4   Data           4  com.o(.data)
    UartEngine                               0x200001b8   Data           8  com.o(.data)
    SensorsEnabled                           0x200001c0   Data           4  main.o(.data)
    UseLSI                                   0x200001c4   Data           4  main.o(.data)
    status                                   0x200001d0   Data           1  main.o(.data)
    TimeStamp                                0x200001f8   Data           4  motionmc_manager.o(.data)
    MotionCompObj                            0x200002b8   Data          12  iks01a2_motion_sensors.o(.bss)
    UartRxBuffer                             0x20000388   Data         512  com.o(.bss)
    AlgoTimHandle                            0x20000828   Data          64  main.o(.bss)
    AccValue                                 0x20000868   Data          12  main.o(.bss)
    MagValue                                 0x20000874   Data          12  main.o(.bss)
    MagValueComp                             0x20000880   Data          12  main.o(.bss)
    hbusi2c1                                 0x200008ac   Data          84  nucleo_f401re_bus.o(.bss)
    hi2c3                                    0x20000900   Data          84  i2c.o(.bss)
    __initial_sp                             0x20008ef8   Data           0  startup_stm32f401xe.o(STACK)
    magProcBuff                              0x20008ef8   Data        1040  anon$$obj.o(magProcBuff)



==============================================================================

Memory Map of the image

  Image Entry point : 0x08000195

  Load Region LR_IROM1 (Base: 0x08000000, Size: 0x0000ea94, Max: 0x00100000, ABSOLUTE, COMPRESSED[0x0000e9a8])

    Execution Region ER_IROM1 (Exec base: 0x08000000, Load base: 0x08000000, Size: 0x0000e84c, Max: 0x00100000, ABSOLUTE)

    Exec Addr    Load Addr    Size         Type   Attr      Idx    E Section Name        Object

    0x08000000   0x08000000   0x00000194   Data   RO         9413    RESET               startup_stm32f401xe.o
    0x08000194   0x08000194   0x00000000   Code   RO        10408  * .ARM.Collect$$$$00000000  mc_w.l(entry.o)
    0x08000194   0x08000194   0x00000004   Code   RO        10503    .ARM.Collect$$$$00000001  mc_w.l(entry2.o)
    0x08000198   0x08000198   0x00000004   Code   RO        10506    .ARM.Collect$$$$00000004  mc_w.l(entry5.o)
    0x0800019c   0x0800019c   0x00000000   Code   RO        10508    .ARM.Collect$$$$00000008  mc_w.l(entry7b.o)
    0x0800019c   0x0800019c   0x00000000   Code   RO        10510    .ARM.Collect$$$$0000000A  mc_w.l(entry8b.o)
    0x0800019c   0x0800019c   0x00000008   Code   RO        10511    .ARM.Collect$$$$0000000B  mc_w.l(entry9a.o)
    0x080001a4   0x080001a4   0x00000000   Code   RO        10513    .ARM.Collect$$$$0000000D  mc_w.l(entry10a.o)
    0x080001a4   0x080001a4   0x00000000   Code   RO        10515    .ARM.Collect$$$$0000000F  mc_w.l(entry11a.o)
    0x080001a4   0x080001a4   0x00000004   Code   RO        10504    .ARM.Collect$$$$00002712  mc_w.l(entry2.o)
    0x080001a8   0x080001a8   0x00000024   Code   RO         9414    .text               startup_stm32f401xe.o
    0x080001cc   0x080001cc   0x00000062   Code   RO        10411    .text               mc_w.l(uldiv.o)
    0x0800022e   0x0800022e   0x00000028   Code   RO        10413    .text               mc_w.l(memcpy.o)
    0x08000256   0x08000256   0x00000024   Code   RO        10417    .text               mc_w.l(memseta.o)
    0x0800027a   0x0800027a   0x000000e4   Code   RO        10421    .text               mf_w.l(dmul.o)
    0x0800035e   0x0800035e   0x000000de   Code   RO        10423    .text               mf_w.l(ddiv.o)
    0x0800043c   0x0800043c   0x00000022   Code   RO        10425    .text               mf_w.l(dflti.o)
    0x0800045e   0x0800045e   0x0000003e   Code   RO        10427    .text               mf_w.l(dfixi.o)
    0x0800049c   0x0800049c   0x00000026   Code   RO        10429    .text               mf_w.l(f2d.o)
    0x080004c2   0x080004c2   0x00000038   Code   RO        10431    .text               mf_w.l(d2f.o)
    0x080004fa   0x080004fa   0x0000001e   Code   RO        10517    .text               mc_w.l(llshl.o)
    0x08000518   0x08000518   0x00000020   Code   RO        10519    .text               mc_w.l(llushr.o)
    0x08000538   0x08000538   0x00000000   Code   RO        10528    .text               mc_w.l(iusefp.o)
    0x08000538   0x08000538   0x0000006e   Code   RO        10529    .text               mf_w.l(fepilogue.o)
    0x080005a6   0x080005a6   0x0000003c   Code   RO        10531    .text               mf_w.l(frnd.o)
    0x080005e2   0x080005e2   0x000000ba   Code   RO        10533    .text               mf_w.l(depilogue.o)
    0x0800069c   0x0800069c   0x0000014e   Code   RO        10535    .text               mf_w.l(dadd.o)
    0x080007ea   0x080007ea   0x000000a2   Code   RO        10539    .text               mf_w.l(dsqrt.o)
    0x0800088c   0x0800088c   0x00000024   Code   RO        10543    .text               mc_w.l(init.o)
    0x080008b0   0x080008b0   0x00000024   Code   RO        10545    .text               mc_w.l(llsshr.o)
    0x080008d4   0x080008d4   0x00000056   Code   RO        10556    .text               mc_w.l(__dczerorl2.o)
    0x0800092a   0x0800092a   0x00000006   PAD
    0x08000930   0x08000930   0x00002678   Code   RO        10306    .text.MEMS_runMagCal.constprop.16  MotionMC_CM4F_wc16_ot.a(motion_mc.o)
    0x08002fa8   0x08002fa8   0x0000020c   Code   RO        10304    .text.MEMS_updateMagBufferIndex.constprop.19  MotionMC_CM4F_wc16_ot.a(motion_mc.o)
    0x080031b4   0x080031b4   0x00000048   Code   RO        10296    .text.MotionEC_GetLibVersion  MotionEC_CM4F_wc16_ot.a(motion_ec.o)
    0x080031fc   0x080031fc   0x000000cc   Code   RO        10285    .text.MotionEC_Initialize  MotionEC_CM4F_wc16_ot.a(motion_ec.o)
    0x080032c8   0x080032c8   0x0000071c   Code   RO        10286    .text.MotionEC_Run  MotionEC_CM4F_wc16_ot.a(motion_ec.o)
    0x080039e4   0x080039e4   0x00000010   Code   RO        10292    .text.MotionEC_SetGravityEnable  MotionEC_CM4F_wc16_ot.a(motion_ec.o)
    0x080039f4   0x080039f4   0x00000010   Code   RO        10294    .text.MotionEC_SetLinearAccEnable  MotionEC_CM4F_wc16_ot.a(motion_ec.o)
    0x08003a04   0x08003a04   0x00000010   Code   RO        10288    .text.MotionEC_SetOrientationEnable  MotionEC_CM4F_wc16_ot.a(motion_ec.o)
    0x08003a14   0x08003a14   0x00000010   Code   RO        10290    .text.MotionEC_SetVirtualGyroEnable  MotionEC_CM4F_wc16_ot.a(motion_ec.o)
    0x08003a24   0x08003a24   0x000000a4   Code   RO        10309    .text.MotionMC_GetCalParams  MotionMC_CM4F_wc16_ot.a(motion_mc.o)
    0x08003ac8   0x08003ac8   0x00000228   Code   RO        10307    .text.MotionMC_Initialize  MotionMC_CM4F_wc16_ot.a(motion_mc.o)
    0x08003cf0   0x08003cf0   0x000001e4   Code   RO        10308    .text.MotionMC_Update  MotionMC_CM4F_wc16_ot.a(motion_mc.o)
    0x08003ed4   0x08003ed4   0x000000d4   Code   RO        10284    .text.quaternionsMult  MotionEC_CM4F_wc16_ot.a(motion_ec.o)
    0x08003fa8   0x08003fa8   0x00000290   Code   RO        10302    .text.unlikely.Hessenberg_Form_Orthogonal  MotionMC_CM4F_wc16_ot.a(motion_mc.o)
    0x08004238   0x08004238   0x000001ae   Code   RO        10301    .text.unlikely.MEMS_INV3x3  MotionMC_CM4F_wc16_ot.a(motion_mc.o)
    0x080043e6   0x080043e6   0x00000002   PAD
    0x080043e8   0x080043e8   0x000007f4   Code   RO        10303    .text.unlikely.QR_Hessenberg_Matrix.constprop.25  MotionMC_CM4F_wc16_ot.a(motion_mc.o)
    0x08004bdc   0x08004bdc   0x00000214   Code   RO        10305    .text.unlikely.getMagStats.constprop.36  MotionMC_CM4F_wc16_ot.a(motion_mc.o)
    0x08004df0   0x08004df0   0x00000050   Code   RO         9552    i.Accelero_Sensor_Handler  main.o
    0x08004e40   0x08004e40   0x00000008   Code   RO        10115    i.BSP_GetTick       nucleo_f401re_bus.o
    0x08004e48   0x08004e48   0x00000020   Code   RO        10116    i.BSP_I2C1_DeInit   nucleo_f401re_bus.o
    0x08004e68   0x08004e68   0x00000044   Code   RO        10117    i.BSP_I2C1_Init     nucleo_f401re_bus.o
    0x08004eac   0x08004eac   0x00000038   Code   RO        10119    i.BSP_I2C1_ReadReg  nucleo_f401re_bus.o
    0x08004ee4   0x08004ee4   0x00000038   Code   RO        10124    i.BSP_I2C1_WriteReg  nucleo_f401re_bus.o
    0x08004f1c   0x08004f1c   0x00000068   Code   RO         4426    i.BSP_LED_Init      stm32f4xx_nucleo.o
    0x08004f84   0x08004f84   0x00000020   Code   RO         4427    i.BSP_LED_Off       stm32f4xx_nucleo.o
    0x08004fa4   0x08004fa4   0x00000020   Code   RO         4428    i.BSP_LED_On        stm32f4xx_nucleo.o
    0x08004fc4   0x08004fc4   0x00000098   Code   RO         4432    i.BSP_PB_Init       stm32f4xx_nucleo.o
    0x0800505c   0x0800505c   0x00000010   Code   RO         9421    i.BUILD_REPLY_HEADER  demoserial.o
    0x0800506c   0x0800506c   0x0000002a   Code   RO         9878    i.ByteStuffCopy     serial_protocol.o
    0x08005096   0x08005096   0x0000002a   Code   RO         9879    i.ByteStuffCopyByte  serial_protocol.o
    0x080050c0   0x080050c0   0x00000028   Code   RO         9880    i.CHK_CheckAndRemove  serial_protocol.o
    0x080050e8   0x080050e8   0x00000022   Code   RO         9881    i.CHK_ComputeAndAdd  serial_protocol.o
    0x0800510a   0x0800510a   0x00000002   PAD
    0x0800510c   0x0800510c   0x00000038   Code   RO         9782    i.Config_DMA_Handler  cube_hal_f4.o
    0x08005144   0x08005144   0x00000034   Code   RO         5868    i.DMA_CalcBaseAndBitshift  stm32f4xx_hal_dma.o
    0x08005178   0x08005178   0x000000aa   Code   RO         5869    i.DMA_CheckFifoParam  stm32f4xx_hal_dma.o
    0x08005222   0x08005222   0x0000002c   Code   RO         5870    i.DMA_SetConfig     stm32f4xx_hal_dma.o
    0x0800524e   0x0800524e   0x00000002   Code   RO         9824    i.DebugMon_Handler  stm32f4xx_it.o
    0x08005250   0x08005250   0x0000001a   Code   RO         9882    i.Deserialize       serial_protocol.o
    0x0800526a   0x0800526a   0x0000000c   Code   RO         9825    i.EXTI15_10_IRQHandler  stm32f4xx_it.o
    0x08005276   0x08005276   0x0000001c   Code   RO         9553    i.Error_Handler     main.o
    0x08005292   0x08005292   0x0000000c   Code   RO         9884    i.FloatToArray      serial_protocol.o
    0x0800529e   0x0800529e   0x00000008   Code   RO         9783    i.Get_DMA_Counter   cube_hal_f4.o
    0x080052a6   0x080052a6   0x00000002   PAD
    0x080052a8   0x080052a8   0x00000318   Code   RO         9784    i.Get_DMA_Flag_Status  cube_hal_f4.o
    0x080055c0   0x080055c0   0x00000048   Code   RO         9554    i.Gyro_Sensor_Handler  main.o
    0x08005608   0x08005608   0x000000ec   Code   RO         5877    i.HAL_DMA_Init      stm32f4xx_hal_dma.o
    0x080056f4   0x080056f4   0x0000009e   Code   RO         5881    i.HAL_DMA_Start_IT  stm32f4xx_hal_dma.o
    0x08005792   0x08005792   0x00000002   PAD
    0x08005794   0x08005794   0x00000028   Code   RO         5492    i.HAL_Delay         stm32f4xx_hal.o
    0x080057bc   0x080057bc   0x00000138   Code   RO         6249    i.HAL_GPIO_DeInit   stm32f4xx_hal_gpio.o
    0x080058f4   0x080058f4   0x00000002   Code   RO         9555    i.HAL_GPIO_EXTI_Callback  main.o
    0x080058f6   0x080058f6   0x00000002   PAD
    0x080058f8   0x080058f8   0x0000001c   Code   RO         6251    i.HAL_GPIO_EXTI_IRQHandler  stm32f4xx_hal_gpio.o
    0x08005914   0x08005914   0x000001d4   Code   RO         6252    i.HAL_GPIO_Init     stm32f4xx_hal_gpio.o
    0x08005ae8   0x08005ae8   0x0000000c   Code   RO         6256    i.HAL_GPIO_WritePin  stm32f4xx_hal_gpio.o
    0x08005af4   0x08005af4   0x0000000c   Code   RO         5498    i.HAL_GetTick       stm32f4xx_hal.o
    0x08005b00   0x08005b00   0x0000004c   Code   RO         6777    i.HAL_I2CEx_ConfigAnalogFilter  stm32f4xx_hal_i2c_ex.o
    0x08005b4c   0x08005b4c   0x0000003c   Code   RO         6317    i.HAL_I2C_DeInit    stm32f4xx_hal_i2c.o
    0x08005b88   0x08005b88   0x00000008   Code   RO         6325    i.HAL_I2C_GetState  stm32f4xx_hal_i2c.o
    0x08005b90   0x08005b90   0x000001b8   Code   RO         6326    i.HAL_I2C_Init      stm32f4xx_hal_i2c.o
    0x08005d48   0x08005d48   0x000002f4   Code   RO         6344    i.HAL_I2C_Mem_Read  stm32f4xx_hal_i2c.o
    0x0800603c   0x0800603c   0x00000164   Code   RO         6347    i.HAL_I2C_Mem_Write  stm32f4xx_hal_i2c.o
    0x080061a0   0x080061a0   0x0000004c   Code   RO         9718    i.HAL_I2C_MspDeInit  stm32f4xx_hal_msp.o
    0x080061ec   0x080061ec   0x0000012c   Code   RO         9719    i.HAL_I2C_MspInit   stm32f4xx_hal_msp.o
    0x08006318   0x08006318   0x00000018   Code   RO         5504    i.HAL_IncTick       stm32f4xx_hal.o
    0x08006330   0x08006330   0x00000030   Code   RO         5505    i.HAL_Init          stm32f4xx_hal.o
    0x08006360   0x08006360   0x0000004c   Code   RO         5506    i.HAL_InitTick      stm32f4xx_hal.o
    0x080063ac   0x080063ac   0x00000002   Code   RO         5508    i.HAL_MspInit       stm32f4xx_hal.o
    0x080063ae   0x080063ae   0x0000001a   Code   RO         5673    i.HAL_NVIC_EnableIRQ  stm32f4xx_hal_cortex.o
    0x080063c8   0x080063c8   0x0000007c   Code   RO         5679    i.HAL_NVIC_SetPriority  stm32f4xx_hal_cortex.o
    0x08006444   0x08006444   0x00000028   Code   RO         5680    i.HAL_NVIC_SetPriorityGrouping  stm32f4xx_hal_cortex.o
    0x0800646c   0x0800646c   0x0000000c   Code   RO         6814    i.HAL_PWR_EnableBkUpAccess  stm32f4xx_hal_pwr.o
    0x08006478   0x08006478   0x000001b4   Code   RO         7111    i.HAL_RCCEx_PeriphCLKConfig  stm32f4xx_hal_rcc_ex.o
    0x0800662c   0x0800662c   0x00000180   Code   RO         7006    i.HAL_RCC_ClockConfig  stm32f4xx_hal_rcc.o
    0x080067ac   0x080067ac   0x0000000c   Code   RO         7011    i.HAL_RCC_GetHCLKFreq  stm32f4xx_hal_rcc.o
    0x080067b8   0x080067b8   0x00000020   Code   RO         7013    i.HAL_RCC_GetPCLK1Freq  stm32f4xx_hal_rcc.o
    0x080067d8   0x080067d8   0x00000020   Code   RO         7014    i.HAL_RCC_GetPCLK2Freq  stm32f4xx_hal_rcc.o
    0x080067f8   0x080067f8   0x000000b0   Code   RO         7015    i.HAL_RCC_GetSysClockFreq  stm32f4xx_hal_rcc.o
    0x080068a8   0x080068a8   0x00000448   Code   RO         7018    i.HAL_RCC_OscConfig  stm32f4xx_hal_rcc.o
    0x08006cf0   0x08006cf0   0x0000004c   Code   RO         7166    i.HAL_RTC_GetDate   stm32f4xx_hal_rtc.o
    0x08006d3c   0x08006d3c   0x00000060   Code   RO         7168    i.HAL_RTC_GetTime   stm32f4xx_hal_rtc.o
    0x08006d9c   0x08006d9c   0x000000d8   Code   RO         7169    i.HAL_RTC_Init      stm32f4xx_hal_rtc.o
    0x08006e74   0x08006e74   0x000000b8   Code   RO         9721    i.HAL_RTC_MspInit   stm32f4xx_hal_msp.o
    0x08006f2c   0x08006f2c   0x00000104   Code   RO         7175    i.HAL_RTC_SetDate   stm32f4xx_hal_rtc.o
    0x08007030   0x08007030   0x0000012c   Code   RO         7176    i.HAL_RTC_SetTime   stm32f4xx_hal_rtc.o
    0x0800715c   0x0800715c   0x0000003a   Code   RO         7177    i.HAL_RTC_WaitForSynchro  stm32f4xx_hal_rtc.o
    0x08007196   0x08007196   0x00000034   Code   RO         5684    i.HAL_SYSTICK_Config  stm32f4xx_hal_cortex.o
    0x080071ca   0x080071ca   0x00000002   Code   RO         8215    i.HAL_TIMEx_BreakCallback  stm32f4xx_hal_tim_ex.o
    0x080071cc   0x080071cc   0x00000002   Code   RO         8216    i.HAL_TIMEx_CommutCallback  stm32f4xx_hal_tim_ex.o
    0x080071ce   0x080071ce   0x00000054   Code   RO         8233    i.HAL_TIMEx_MasterConfigSynchronization  stm32f4xx_hal_tim_ex.o
    0x08007222   0x08007222   0x00000034   Code   RO         7529    i.HAL_TIM_Base_Init  stm32f4xx_hal_tim.o
    0x08007256   0x08007256   0x00000002   PAD
    0x08007258   0x08007258   0x00000048   Code   RO         9723    i.HAL_TIM_Base_MspInit  stm32f4xx_hal_msp.o
    0x080072a0   0x080072a0   0x0000002a   Code   RO         7534    i.HAL_TIM_Base_Start_IT  stm32f4xx_hal_tim.o
    0x080072ca   0x080072ca   0x00000038   Code   RO         7537    i.HAL_TIM_Base_Stop_IT  stm32f4xx_hal_tim.o
    0x08007302   0x08007302   0x00000108   Code   RO         7538    i.HAL_TIM_ConfigClockSource  stm32f4xx_hal_tim.o
    0x0800740a   0x0800740a   0x00000002   Code   RO         7558    i.HAL_TIM_IC_CaptureCallback  stm32f4xx_hal_tim.o
    0x0800740c   0x0800740c   0x00000196   Code   RO         7572    i.HAL_TIM_IRQHandler  stm32f4xx_hal_tim.o
    0x080075a2   0x080075a2   0x00000002   Code   RO         7575    i.HAL_TIM_OC_DelayElapsedCallback  stm32f4xx_hal_tim.o
    0x080075a4   0x080075a4   0x00000002   Code   RO         7602    i.HAL_TIM_PWM_PulseFinishedCallback  stm32f4xx_hal_tim.o
    0x080075a6   0x080075a6   0x00000002   PAD
    0x080075a8   0x080075a8   0x00000028   Code   RO         9556    i.HAL_TIM_PeriodElapsedCallback  main.o
    0x080075d0   0x080075d0   0x00000002   Code   RO         7615    i.HAL_TIM_TriggerCallback  stm32f4xx_hal_tim.o
    0x080075d2   0x080075d2   0x00000002   Code   RO         8487    i.HAL_UART_ErrorCallback  stm32f4xx_hal_uart.o
    0x080075d4   0x080075d4   0x00000072   Code   RO         8491    i.HAL_UART_Init     stm32f4xx_hal_uart.o
    0x08007646   0x08007646   0x00000002   Code   RO         8493    i.HAL_UART_MspInit  stm32f4xx_hal_uart.o
    0x08007648   0x08007648   0x000000c4   Code   RO         8495    i.HAL_UART_Receive_DMA  stm32f4xx_hal_uart.o
    0x0800770c   0x0800770c   0x00000002   Code   RO         8497    i.HAL_UART_RxCpltCallback  stm32f4xx_hal_uart.o
    0x0800770e   0x0800770e   0x00000002   Code   RO         8498    i.HAL_UART_RxHalfCpltCallback  stm32f4xx_hal_uart.o
    0x08007710   0x08007710   0x000000d6   Code   RO         8499    i.HAL_UART_Transmit  stm32f4xx_hal_uart.o
    0x080077e6   0x080077e6   0x00000002   PAD
    0x080077e8   0x080077e8   0x00000130   Code   RO         4725    i.HTS221_0_Probe    iks01a2_env_sensors.o
    0x08007918   0x08007918   0x00000032   Code   RO            1    i.HTS221_DeInit     hts221.o
    0x0800794a   0x0800794a   0x00000002   PAD
    0x0800794c   0x0800794c   0x00000030   Code   RO            3    i.HTS221_GetCapabilities  hts221.o
    0x0800797c   0x0800797c   0x00000064   Code   RO            4    i.HTS221_GetOutputDataRate  hts221.o
    0x080079e0   0x080079e0   0x00000030   Code   RO            7    i.HTS221_HUM_Disable  hts221.o
    0x08007a10   0x08007a10   0x00000032   Code   RO            8    i.HTS221_HUM_Enable  hts221.o
    0x08007a42   0x08007a42   0x00000002   PAD
    0x08007a44   0x08007a44   0x00000100   Code   RO            9    i.HTS221_HUM_GetHumidity  hts221.o
    0x08007b44   0x08007b44   0x00000010   Code   RO           10    i.HTS221_HUM_GetOutputDataRate  hts221.o
    0x08007b54   0x08007b54   0x0000001c   Code   RO           12    i.HTS221_HUM_SetOutputDataRate  hts221.o
    0x08007b70   0x08007b70   0x00000022   Code   RO           13    i.HTS221_Init       hts221.o
    0x08007b92   0x08007b92   0x0000003e   Code   RO           14    i.HTS221_Initialize  hts221.o
    0x08007bd0   0x08007bd0   0x0000001c   Code   RO           15    i.HTS221_ReadID     hts221.o
    0x08007bec   0x08007bec   0x0000004c   Code   RO           17    i.HTS221_RegisterBusIO  hts221.o
    0x08007c38   0x08007c38   0x0000004e   Code   RO           18    i.HTS221_SetOutputDataRate  hts221.o
    0x08007c86   0x08007c86   0x00000030   Code   RO           20    i.HTS221_TEMP_Disable  hts221.o
    0x08007cb6   0x08007cb6   0x00000032   Code   RO           21    i.HTS221_TEMP_Enable  hts221.o
    0x08007ce8   0x08007ce8   0x00000010   Code   RO           22    i.HTS221_TEMP_GetOutputDataRate  hts221.o
    0x08007cf8   0x08007cf8   0x000000c6   Code   RO           23    i.HTS221_TEMP_GetTemperature  hts221.o
    0x08007dbe   0x08007dbe   0x0000001c   Code   RO           25    i.HTS221_TEMP_SetOutputDataRate  hts221.o
    0x08007dda   0x08007dda   0x00000002   PAD
    0x08007ddc   0x08007ddc   0x000002b0   Code   RO         9422    i.HandleMSG         demoserial.o
    0x0800808c   0x0800808c   0x00000004   Code   RO         9826    i.HardFault_Handler  stm32f4xx_it.o
    0x08008090   0x08008090   0x00000028   Code   RO         9557    i.Humidity_Sensor_Handler  main.o
    0x080080b8   0x080080b8   0x00000058   Code   RO        10127    i.I2C1_MspDeInit    nucleo_f401re_bus.o
    0x08008110   0x08008110   0x00000050   Code   RO        10128    i.I2C1_MspInit      nucleo_f401re_bus.o
    0x08008160   0x08008160   0x0000003e   Code   RO         6369    i.I2C_IsAcknowledgeFailed  stm32f4xx_hal_i2c.o
    0x0800819e   0x0800819e   0x00000002   PAD
    0x080081a0   0x080081a0   0x00000138   Code   RO         6379    i.I2C_RequestMemoryRead  stm32f4xx_hal_i2c.o
    0x080082d8   0x080082d8   0x000000cc   Code   RO         6380    i.I2C_RequestMemoryWrite  stm32f4xx_hal_i2c.o
    0x080083a4   0x080083a4   0x0000005c   Code   RO         6388    i.I2C_WaitOnBTFFlagUntilTimeout  stm32f4xx_hal_i2c.o
    0x08008400   0x08008400   0x00000086   Code   RO         6389    i.I2C_WaitOnFlagUntilTimeout  stm32f4xx_hal_i2c.o
    0x08008486   0x08008486   0x000000c4   Code   RO         6390    i.I2C_WaitOnMasterAddressFlagUntilTimeout  stm32f4xx_hal_i2c.o
    0x0800854a   0x0800854a   0x00000080   Code   RO         6391    i.I2C_WaitOnRXNEFlagUntilTimeout  stm32f4xx_hal_i2c.o
    0x080085ca   0x080085ca   0x0000005c   Code   RO         6393    i.I2C_WaitOnTXEFlagUntilTimeout  stm32f4xx_hal_i2c.o
    0x08008626   0x08008626   0x00000002   PAD
    0x08008628   0x08008628   0x00000060   Code   RO         4727    i.IKS01A2_ENV_SENSOR_Disable  iks01a2_env_sensors.o
    0x08008688   0x08008688   0x00000060   Code   RO         4728    i.IKS01A2_ENV_SENSOR_Enable  iks01a2_env_sensors.o
    0x080086e8   0x080086e8   0x00000068   Code   RO         4731    i.IKS01A2_ENV_SENSOR_GetValue  iks01a2_env_sensors.o
    0x08008750   0x08008750   0x00000128   Code   RO         4732    i.IKS01A2_ENV_SENSOR_Init  iks01a2_env_sensors.o
    0x08008878   0x08008878   0x00000060   Code   RO         4953    i.IKS01A2_MOTION_SENSOR_Disable  iks01a2_motion_sensors.o
    0x080088d8   0x080088d8   0x00000060   Code   RO         4954    i.IKS01A2_MOTION_SENSOR_Enable  iks01a2_motion_sensors.o
    0x08008938   0x08008938   0x00000068   Code   RO         4955    i.IKS01A2_MOTION_SENSOR_GetAxes  iks01a2_motion_sensors.o
    0x080089a0   0x080089a0   0x0000017c   Code   RO         4961    i.IKS01A2_MOTION_SENSOR_Init  iks01a2_motion_sensors.o
    0x08008b1c   0x08008b1c   0x00000068   Code   RO         4963    i.IKS01A2_MOTION_SENSOR_SetFullScale  iks01a2_motion_sensors.o
    0x08008b84   0x08008b84   0x00000070   Code   RO         4964    i.IKS01A2_MOTION_SENSOR_SetOutputDataRate  iks01a2_motion_sensors.o
    0x08008bf4   0x08008bf4   0x00000018   Code   RO         9423    i.INIT_STREAMING_HEADER  demoserial.o
    0x08008c0c   0x08008c0c   0x00000054   Code   RO         9558    i.Init_Sensors      main.o
    0x08008c60   0x08008c60   0x00000130   Code   RO         4735    i.LPS22HB_0_Probe   iks01a2_env_sensors.o
    0x08008d90   0x08008d90   0x00000032   Code   RO          430    i.LPS22HB_DeInit    lps22hb.o
    0x08008dc2   0x08008dc2   0x00000002   PAD
    0x08008dc4   0x08008dc4   0x00000034   Code   RO          441    i.LPS22HB_GetCapabilities  lps22hb.o
    0x08008df8   0x08008df8   0x00000080   Code   RO          442    i.LPS22HB_GetOutputDataRate  lps22hb.o
    0x08008e78   0x08008e78   0x00000022   Code   RO          446    i.LPS22HB_Init      lps22hb.o
    0x08008e9a   0x08008e9a   0x0000007e   Code   RO          447    i.LPS22HB_Initialize  lps22hb.o
    0x08008f18   0x08008f18   0x00000044   Code   RO          448    i.LPS22HB_PRESS_Disable  lps22hb.o
    0x08008f5c   0x08008f5c   0x0000002e   Code   RO          449    i.LPS22HB_PRESS_Enable  lps22hb.o
    0x08008f8a   0x08008f8a   0x00000010   Code   RO          450    i.LPS22HB_PRESS_GetOutputDataRate  lps22hb.o
    0x08008f9a   0x08008f9a   0x0000002a   Code   RO          451    i.LPS22HB_PRESS_GetPressure  lps22hb.o
    0x08008fc4   0x08008fc4   0x00000030   Code   RO          453    i.LPS22HB_PRESS_SetOutputDataRate  lps22hb.o
    0x08008ff4   0x08008ff4   0x0000001c   Code   RO          454    i.LPS22HB_ReadID    lps22hb.o
    0x08009010   0x08009010   0x00000078   Code   RO          456    i.LPS22HB_RegisterBusIO  lps22hb.o
    0x08009088   0x08009088   0x00000058   Code   RO          457    i.LPS22HB_SetOutputDataRate_When_Disabled  lps22hb.o
    0x080090e0   0x080090e0   0x0000008c   Code   RO          458    i.LPS22HB_SetOutputDataRate_When_Enabled  lps22hb.o
    0x0800916c   0x0800916c   0x00000044   Code   RO          460    i.LPS22HB_TEMP_Disable  lps22hb.o
    0x080091b0   0x080091b0   0x0000002e   Code   RO          461    i.LPS22HB_TEMP_Enable  lps22hb.o
    0x080091de   0x080091de   0x00000010   Code   RO          462    i.LPS22HB_TEMP_GetOutputDataRate  lps22hb.o
    0x080091ee   0x080091ee   0x0000002c   Code   RO          463    i.LPS22HB_TEMP_GetTemperature  lps22hb.o
    0x0800921a   0x0800921a   0x00000030   Code   RO          465    i.LPS22HB_TEMP_SetOutputDataRate  lps22hb.o
    0x0800924a   0x0800924a   0x00000020   Code   RO          466    i.LPS22HB_Write_Reg  lps22hb.o
    0x0800926a   0x0800926a   0x00000002   PAD
    0x0800926c   0x0800926c   0x00000104   Code   RO         4965    i.LSM303AGR_ACC_0_Probe  iks01a2_motion_sensors.o
    0x08009370   0x08009370   0x00000020   Code   RO         3214    i.LSM303AGR_ACC_DeInit  lsm303agr.o
    0x08009390   0x08009390   0x0000003e   Code   RO         3215    i.LSM303AGR_ACC_Disable  lsm303agr.o
    0x080093ce   0x080093ce   0x0000002e   Code   RO         3216    i.LSM303AGR_ACC_Enable  lsm303agr.o
    0x080093fc   0x080093fc   0x0000008c   Code   RO         3217    i.LSM303AGR_ACC_GetAxes  lsm303agr.o
    0x08009488   0x08009488   0x00000082   Code   RO         3218    i.LSM303AGR_ACC_GetAxesRaw  lsm303agr.o
    0x0800950a   0x0800950a   0x00000002   PAD
    0x0800950c   0x0800950c   0x0000003c   Code   RO         3219    i.LSM303AGR_ACC_GetCapabilities  lsm303agr.o
    0x08009548   0x08009548   0x00000050   Code   RO         3220    i.LSM303AGR_ACC_GetFullScale  lsm303agr.o
    0x08009598   0x08009598   0x00000150   Code   RO         3221    i.LSM303AGR_ACC_GetOutputDataRate  lsm303agr.o
    0x080096e8   0x080096e8   0x0000006a   Code   RO         3222    i.LSM303AGR_ACC_GetSensitivity  lsm303agr.o
    0x08009752   0x08009752   0x00000002   PAD
    0x08009754   0x08009754   0x00000070   Code   RO         3223    i.LSM303AGR_ACC_GetSensitivityHR  lsm303agr.o
    0x080097c4   0x080097c4   0x00000070   Code   RO         3224    i.LSM303AGR_ACC_GetSensitivityLP  lsm303agr.o
    0x08009834   0x08009834   0x00000070   Code   RO         3225    i.LSM303AGR_ACC_GetSensitivityNM  lsm303agr.o
    0x080098a4   0x080098a4   0x0000005c   Code   RO         3228    i.LSM303AGR_ACC_Init  lsm303agr.o
    0x08009900   0x08009900   0x0000001c   Code   RO         3229    i.LSM303AGR_ACC_ReadID  lsm303agr.o
    0x0800991c   0x0800991c   0x0000007c   Code   RO         3231    i.LSM303AGR_ACC_RegisterBusIO  lsm303agr.o
    0x08009998   0x08009998   0x00000038   Code   RO         3232    i.LSM303AGR_ACC_SetFullScale  lsm303agr.o
    0x080099d0   0x080099d0   0x00000030   Code   RO         3233    i.LSM303AGR_ACC_SetOutputDataRate  lsm303agr.o
    0x08009a00   0x08009a00   0x00000084   Code   RO         3234    i.LSM303AGR_ACC_SetOutputDataRate_When_Disabled  lsm303agr.o
    0x08009a84   0x08009a84   0x000000a4   Code   RO         3235    i.LSM303AGR_ACC_SetOutputDataRate_When_Enabled  lsm303agr.o
    0x08009b28   0x08009b28   0x00000020   Code   RO         3236    i.LSM303AGR_ACC_Write_Reg  lsm303agr.o
    0x08009b48   0x08009b48   0x00000104   Code   RO         4966    i.LSM303AGR_MAG_0_Probe  iks01a2_motion_sensors.o
    0x08009c4c   0x08009c4c   0x0000001c   Code   RO         3237    i.LSM303AGR_MAG_DeInit  lsm303agr.o
    0x08009c68   0x08009c68   0x0000002a   Code   RO         3238    i.LSM303AGR_MAG_Disable  lsm303agr.o
    0x08009c92   0x08009c92   0x0000002c   Code   RO         3239    i.LSM303AGR_MAG_Enable  lsm303agr.o
    0x08009cbe   0x08009cbe   0x00000078   Code   RO         3240    i.LSM303AGR_MAG_GetAxes  lsm303agr.o
    0x08009d36   0x08009d36   0x0000002e   Code   RO         3241    i.LSM303AGR_MAG_GetAxesRaw  lsm303agr.o
    0x08009d64   0x08009d64   0x0000003c   Code   RO         3242    i.LSM303AGR_MAG_GetCapabilities  lsm303agr.o
    0x08009da0   0x08009da0   0x0000000a   Code   RO         3243    i.LSM303AGR_MAG_GetFullScale  lsm303agr.o
    0x08009daa   0x08009daa   0x00000002   PAD
    0x08009dac   0x08009dac   0x00000068   Code   RO         3244    i.LSM303AGR_MAG_GetOutputDataRate  lsm303agr.o
    0x08009e14   0x08009e14   0x0000000e   Code   RO         3245    i.LSM303AGR_MAG_GetSensitivity  lsm303agr.o
    0x08009e22   0x08009e22   0x00000056   Code   RO         3248    i.LSM303AGR_MAG_Init  lsm303agr.o
    0x08009e78   0x08009e78   0x0000001c   Code   RO         3249    i.LSM303AGR_MAG_ReadID  lsm303agr.o
    0x08009e94   0x08009e94   0x00000074   Code   RO         3251    i.LSM303AGR_MAG_RegisterBusIO  lsm303agr.o
    0x08009f08   0x08009f08   0x00000006   Code   RO         3252    i.LSM303AGR_MAG_SetFullScale  lsm303agr.o
    0x08009f0e   0x08009f0e   0x00000002   PAD
    0x08009f10   0x08009f10   0x00000064   Code   RO         3253    i.LSM303AGR_MAG_SetOutputDataRate  lsm303agr.o
    0x08009f74   0x08009f74   0x00000130   Code   RO         4967    i.LSM6DSL_0_Probe   iks01a2_motion_sensors.o
    0x0800a0a4   0x0800a0a4   0x0000003e   Code   RO         1177    i.LSM6DSL_ACC_Disable  lsm6dsl.o
    0x0800a0e2   0x0800a0e2   0x0000002e   Code   RO         1187    i.LSM6DSL_ACC_Enable  lsm6dsl.o
    0x0800a110   0x0800a110   0x0000008c   Code   RO         1197    i.LSM6DSL_ACC_GetAxes  lsm6dsl.o
    0x0800a19c   0x0800a19c   0x0000002e   Code   RO         1198    i.LSM6DSL_ACC_GetAxesRaw  lsm6dsl.o
    0x0800a1ca   0x0800a1ca   0x00000050   Code   RO         1199    i.LSM6DSL_ACC_GetFullScale  lsm6dsl.o
    0x0800a21a   0x0800a21a   0x00000002   PAD
    0x0800a21c   0x0800a21c   0x000000dc   Code   RO         1200    i.LSM6DSL_ACC_GetOutputDataRate  lsm6dsl.o
    0x0800a2f8   0x0800a2f8   0x00000070   Code   RO         1201    i.LSM6DSL_ACC_GetSensitivity  lsm6dsl.o
    0x0800a368   0x0800a368   0x00000038   Code   RO         1212    i.LSM6DSL_ACC_SetFullScale  lsm6dsl.o
    0x0800a3a0   0x0800a3a0   0x00000030   Code   RO         1213    i.LSM6DSL_ACC_SetOutputDataRate  lsm6dsl.o
    0x0800a3d0   0x0800a3d0   0x000000cc   Code   RO         1214    i.LSM6DSL_ACC_SetOutputDataRate_When_Disabled  lsm6dsl.o
    0x0800a49c   0x0800a49c   0x000000e8   Code   RO         1215    i.LSM6DSL_ACC_SetOutputDataRate_When_Enabled  lsm6dsl.o
    0x0800a584   0x0800a584   0x00000030   Code   RO         1229    i.LSM6DSL_DeInit    lsm6dsl.o
    0x0800a5b4   0x0800a5b4   0x0000003e   Code   RO         1243    i.LSM6DSL_GYRO_Disable  lsm6dsl.o
    0x0800a5f2   0x0800a5f2   0x0000002e   Code   RO         1244    i.LSM6DSL_GYRO_Enable  lsm6dsl.o
    0x0800a620   0x0800a620   0x00000080   Code   RO         1245    i.LSM6DSL_GYRO_GetAxes  lsm6dsl.o
    0x0800a6a0   0x0800a6a0   0x0000002e   Code   RO         1246    i.LSM6DSL_GYRO_GetAxesRaw  lsm6dsl.o
    0x0800a6ce   0x0800a6ce   0x0000005c   Code   RO         1247    i.LSM6DSL_GYRO_GetFullScale  lsm6dsl.o
    0x0800a72a   0x0800a72a   0x00000002   PAD
    0x0800a72c   0x0800a72c   0x000000d0   Code   RO         1248    i.LSM6DSL_GYRO_GetOutputDataRate  lsm6dsl.o
    0x0800a7fc   0x0800a7fc   0x00000080   Code   RO         1249    i.LSM6DSL_GYRO_GetSensitivity  lsm6dsl.o
    0x0800a87c   0x0800a87c   0x00000044   Code   RO         1252    i.LSM6DSL_GYRO_SetFullScale  lsm6dsl.o
    0x0800a8c0   0x0800a8c0   0x00000030   Code   RO         1253    i.LSM6DSL_GYRO_SetOutputDataRate  lsm6dsl.o
    0x0800a8f0   0x0800a8f0   0x000000cc   Code   RO         1254    i.LSM6DSL_GYRO_SetOutputDataRate_When_Disabled  lsm6dsl.o
    0x0800a9bc   0x0800a9bc   0x000000e8   Code   RO         1255    i.LSM6DSL_GYRO_SetOutputDataRate_When_Enabled  lsm6dsl.o
    0x0800aaa4   0x0800aaa4   0x00000040   Code   RO         1258    i.LSM6DSL_GetCapabilities  lsm6dsl.o
    0x0800aae4   0x0800aae4   0x00000098   Code   RO         1259    i.LSM6DSL_Init      lsm6dsl.o
    0x0800ab7c   0x0800ab7c   0x0000001c   Code   RO         1260    i.LSM6DSL_ReadID    lsm6dsl.o
    0x0800ab98   0x0800ab98   0x0000007c   Code   RO         1262    i.LSM6DSL_RegisterBusIO  lsm6dsl.o
    0x0800ac14   0x0800ac14   0x00000020   Code   RO         1265    i.LSM6DSL_Write_Reg  lsm6dsl.o
    0x0800ac34   0x0800ac34   0x00000042   Code   RO           27    i.Linear_Interpolation  hts221.o
    0x0800ac76   0x0800ac76   0x00000002   PAD
    0x0800ac78   0x0800ac78   0x00000028   Code   RO         9559    i.MX_CRC_Init       main.o
    0x0800aca0   0x0800aca0   0x00000012   Code   RO         9560    i.MX_GPIO_Init      main.o
    0x0800acb2   0x0800acb2   0x00000002   PAD
    0x0800acb4   0x0800acb4   0x0000003c   Code   RO        10129    i.MX_I2C1_Init      nucleo_f401re_bus.o
    0x0800acf0   0x0800acf0   0x0000003c   Code   RO        10257    i.MX_I2C2_Init      i2c.o
    0x0800ad2c   0x0800ad2c   0x00000050   Code   RO         9561    i.MX_TIM_ALGO_Init  main.o
    0x0800ad7c   0x0800ad7c   0x000000d0   Code   RO         9562    i.Magneto_Sensor_Handler  main.o
    0x0800ae4c   0x0800ae4c   0x00000010   Code   RO         9959    i.MotionEC_manager_get_version  motionec_manager.o
    0x0800ae5c   0x0800ae5c   0x00000026   Code   RO         9960    i.MotionEC_manager_init  motionec_manager.o
    0x0800ae82   0x0800ae82   0x00000002   PAD
    0x0800ae84   0x0800ae84   0x00000200   Code   RO         9961    i.MotionEC_manager_run  motionec_manager.o
    0x0800b084   0x0800b084   0x00000006   Code   RO        10029    i.MotionMC_LoadCalFromNVM  motionmc_manager.o
    0x0800b08a   0x0800b08a   0x00000006   Code   RO        10030    i.MotionMC_SaveCalInNVM  motionmc_manager.o
    0x0800b090   0x0800b090   0x000000fc   Code   RO        10031    i.MotionMC_manager_compensate  motionmc_manager.o
    0x0800b18c   0x0800b18c   0x0000000c   Code   RO        10032    i.MotionMC_manager_get_params  motionmc_manager.o
    0x0800b198   0x0800b198   0x00000010   Code   RO        10034    i.MotionMC_manager_init  motionmc_manager.o
    0x0800b1a8   0x0800b1a8   0x000000a0   Code   RO        10035    i.MotionMC_manager_run  motionmc_manager.o
    0x0800b248   0x0800b248   0x0000000c   Code   RO        10036    i.MotionMC_manager_update  motionmc_manager.o
    0x0800b254   0x0800b254   0x00000002   Code   RO         9827    i.NMI_Handler       stm32f4xx_it.o
    0x0800b256   0x0800b256   0x00000002   PAD
    0x0800b258   0x0800b258   0x00000010   Code   RO         5686    i.NVIC_GetPriorityGrouping  stm32f4xx_hal_cortex.o
    0x0800b268   0x0800b268   0x00000028   Code   RO         5687    i.NVIC_SetPriority  stm32f4xx_hal_cortex.o
    0x0800b290   0x0800b290   0x00000028   Code   RO         9563    i.Pressure_Sensor_Handler  main.o
    0x0800b2b8   0x0800b2b8   0x00000016   Code   RO         7178    i.RTC_Bcd2ToByte    stm32f4xx_hal_rtc.o
    0x0800b2ce   0x0800b2ce   0x0000001a   Code   RO         7179    i.RTC_ByteToBcd2    stm32f4xx_hal_rtc.o
    0x0800b2e8   0x0800b2e8   0x0000007c   Code   RO         9564    i.RTC_Config        main.o
    0x0800b364   0x0800b364   0x00000030   Code   RO         9565    i.RTC_DateRegulate  main.o
    0x0800b394   0x0800b394   0x0000003e   Code   RO         7180    i.RTC_EnterInitMode  stm32f4xx_hal_rtc.o
    0x0800b3d2   0x0800b3d2   0x00000002   PAD
    0x0800b3d4   0x0800b3d4   0x00000058   Code   RO         9566    i.RTC_Handler       main.o
    0x0800b42c   0x0800b42c   0x0000003c   Code   RO         9567    i.RTC_TimeRegulate  main.o
    0x0800b468   0x0800b468   0x00000054   Code   RO         9568    i.RTC_TimeStampConfig  main.o
    0x0800b4bc   0x0800b4bc   0x00000038   Code   RO         3255    i.ReadAccRegWrap    lsm303agr.o
    0x0800b4f4   0x0800b4f4   0x00000038   Code   RO         3256    i.ReadMagRegWrap    lsm303agr.o
    0x0800b52c   0x0800b52c   0x00000038   Code   RO           28    i.ReadRegWrap       hts221.o
    0x0800b564   0x0800b564   0x00000058   Code   RO          467    i.ReadRegWrap       lps22hb.o
    0x0800b5bc   0x0800b5bc   0x00000020   Code   RO         1266    i.ReadRegWrap       lsm6dsl.o
    0x0800b5dc   0x0800b5dc   0x00000026   Code   RO         9887    i.ReverseByteStuffCopyByte2  serial_protocol.o
    0x0800b602   0x0800b602   0x0000001a   Code   RO         9889    i.Serialize_s32     serial_protocol.o
    0x0800b61c   0x0800b61c   0x00000008   Code   RO         9828    i.SysTick_Handler   stm32f4xx_it.o
    0x0800b624   0x0800b624   0x000000bc   Code   RO         9785    i.SystemClock_Config  cube_hal_f4.o
    0x0800b6e0   0x0800b6e0   0x00000064   Code   RO         5449    i.SystemInit        system_stm32f4xx.o
    0x0800b744   0x0800b744   0x00000010   Code   RO         9829    i.TIM3_IRQHandler   stm32f4xx_it.o
    0x0800b754   0x0800b754   0x000000a4   Code   RO         7617    i.TIM_Base_SetConfig  stm32f4xx_hal_tim.o
    0x0800b7f8   0x0800b7f8   0x00000016   Code   RO         7628    i.TIM_ETR_SetConfig  stm32f4xx_hal_tim.o
    0x0800b80e   0x0800b80e   0x00000012   Code   RO         7629    i.TIM_ITRx_SetConfig  stm32f4xx_hal_tim.o
    0x0800b820   0x0800b820   0x00000026   Code   RO         7635    i.TIM_TI1_ConfigInputStage  stm32f4xx_hal_tim.o
    0x0800b846   0x0800b846   0x00000028   Code   RO         7637    i.TIM_TI2_ConfigInputStage  stm32f4xx_hal_tim.o
    0x0800b86e   0x0800b86e   0x00000002   PAD
    0x0800b870   0x0800b870   0x00000028   Code   RO         9569    i.Temperature_Sensor_Handler  main.o
    0x0800b898   0x0800b898   0x00000050   Code   RO         8505    i.UART_DMAError     stm32f4xx_hal_uart.o
    0x0800b8e8   0x0800b8e8   0x00000046   Code   RO         8506    i.UART_DMAReceiveCplt  stm32f4xx_hal_uart.o
    0x0800b92e   0x0800b92e   0x0000000e   Code   RO         8508    i.UART_DMARxHalfCplt  stm32f4xx_hal_uart.o
    0x0800b93c   0x0800b93c   0x00000020   Code   RO         8514    i.UART_EndRxTransfer  stm32f4xx_hal_uart.o
    0x0800b95c   0x0800b95c   0x00000014   Code   RO         8516    i.UART_EndTxTransfer  stm32f4xx_hal_uart.o
    0x0800b970   0x0800b970   0x0000010c   Code   RO         9503    i.UART_ReceivedMSG  com.o
    0x0800ba7c   0x0800ba7c   0x0000002c   Code   RO         9504    i.UART_SendMsg      com.o
    0x0800baa8   0x0800baa8   0x00000368   Code   RO         8518    i.UART_SetConfig    stm32f4xx_hal_uart.o
    0x0800be10   0x0800be10   0x0000006c   Code   RO         8520    i.UART_WaitOnFlagUntilTimeout  stm32f4xx_hal_uart.o
    0x0800be7c   0x0800be7c   0x00000114   Code   RO         9505    i.USARTConfig       com.o
    0x0800bf90   0x0800bf90   0x00000028   Code   RO         9506    i.USART_DMA_Configuration  com.o
    0x0800bfb8   0x0800bfb8   0x00000038   Code   RO         3257    i.WriteAccRegWrap   lsm303agr.o
    0x0800bff0   0x0800bff0   0x00000038   Code   RO         3258    i.WriteMagRegWrap   lsm303agr.o
    0x0800c028   0x0800c028   0x00000038   Code   RO           29    i.WriteRegWrap      hts221.o
    0x0800c060   0x0800c060   0x00000058   Code   RO          468    i.WriteRegWrap      lps22hb.o
    0x0800c0b8   0x0800c0b8   0x00000020   Code   RO         1267    i.WriteRegWrap      lsm6dsl.o
    0x0800c0d8   0x0800c0d8   0x00000030   Code   RO        10467    i.__ARM_fpclassify  m_wm.l(fpclassify.o)
    0x0800c108   0x0800c108   0x00000026   Code   RO        10469    i.__ARM_fpclassifyf  m_wm.l(fpclassifyf.o)
    0x0800c12e   0x0800c12e   0x00000002   PAD
    0x0800c130   0x0800c130   0x00000118   Code   RO        10312    i.__hardfp_acosf    m_wm.l(acosf.o)
    0x0800c248   0x0800c248   0x00000360   Code   RO        10324    i.__hardfp_asin     m_wm.l(asin.o)
    0x0800c5a8   0x0800c5a8   0x000002d8   Code   RO        10433    i.__hardfp_atan     m_wm.l(atan.o)
    0x0800c880   0x0800c880   0x000001f0   Code   RO        10338    i.__hardfp_atan2    m_wm.l(atan2.o)
    0x0800ca70   0x0800ca70   0x00000250   Code   RO        10350    i.__hardfp_atan2f   m_wm.l(atan2f.o)
    0x0800ccc0   0x0800ccc0   0x00000150   Code   RO        10362    i.__hardfp_cosf     m_wm.l(cosf.o)
    0x0800ce10   0x0800ce10   0x00000070   Code   RO        10374    i.__hardfp_floorf   m_wm.l(floorf.o)
    0x0800ce80   0x0800ce80   0x0000009a   Code   RO        10404    i.__hardfp_roundf   m_wm.l(roundf.o)
    0x0800cf1a   0x0800cf1a   0x00000002   PAD
    0x0800cf1c   0x0800cf1c   0x00000190   Code   RO        10380    i.__hardfp_sinf     m_wm.l(sinf.o)
    0x0800d0ac   0x0800d0ac   0x000000f8   Code   RO        10485    i.__kernel_poly     m_wm.l(poly.o)
    0x0800d1a4   0x0800d1a4   0x00000014   Code   RO        10448    i.__mathlib_dbl_infnan  m_wm.l(dunder.o)
    0x0800d1b8   0x0800d1b8   0x00000014   Code   RO        10449    i.__mathlib_dbl_infnan2  m_wm.l(dunder.o)
    0x0800d1cc   0x0800d1cc   0x00000004   PAD
    0x0800d1d0   0x0800d1d0   0x00000020   Code   RO        10450    i.__mathlib_dbl_invalid  m_wm.l(dunder.o)
    0x0800d1f0   0x0800d1f0   0x00000020   Code   RO        10453    i.__mathlib_dbl_underflow  m_wm.l(dunder.o)
    0x0800d210   0x0800d210   0x00000006   Code   RO        10472    i.__mathlib_flt_infnan  m_wm.l(funder.o)
    0x0800d216   0x0800d216   0x00000006   Code   RO        10473    i.__mathlib_flt_infnan2  m_wm.l(funder.o)
    0x0800d21c   0x0800d21c   0x00000010   Code   RO        10474    i.__mathlib_flt_invalid  m_wm.l(funder.o)
    0x0800d22c   0x0800d22c   0x00000010   Code   RO        10477    i.__mathlib_flt_underflow  m_wm.l(funder.o)
    0x0800d23c   0x0800d23c   0x00000154   Code   RO        10488    i.__mathlib_rredf2  m_wm.l(rredf.o)
    0x0800d390   0x0800d390   0x0000000e   Code   RO        10550    i.__scatterload_copy  mc_w.l(handlers.o)
    0x0800d39e   0x0800d39e   0x00000002   Code   RO        10551    i.__scatterload_null  mc_w.l(handlers.o)
    0x0800d3a0   0x0800d3a0   0x0000000e   Code   RO        10552    i.__scatterload_zeroinit  mc_w.l(handlers.o)
    0x0800d3ae   0x0800d3ae   0x00000002   PAD
    0x0800d3b0   0x0800d3b0   0x0000000c   Code   RO        10523    i.__set_errno       mc_w.l(errno.o)
    0x0800d3bc   0x0800d3bc   0x00000010   Code   RO        10314    i.acosf             m_wm.l(acosf.o)
    0x0800d3cc   0x0800d3cc   0x00000010   Code   RO        10326    i.asin              m_wm.l(asin.o)
    0x0800d3dc   0x0800d3dc   0x00000010   Code   RO        10435    i.atan              m_wm.l(atan.o)
    0x0800d3ec   0x0800d3ec   0x00000014   Code   RO        10340    i.atan2             m_wm.l(atan2.o)
    0x0800d400   0x0800d400   0x00000104   Code   RO         9962    i.calc_heading      motionec_manager.o
    0x0800d504   0x0800d504   0x00000010   Code   RO        10364    i.cosf              m_wm.l(cosf.o)
    0x0800d514   0x0800d514   0x00000018   Code   RO        10463    i.fabs              m_wm.l(fabs.o)
    0x0800d52c   0x0800d52c   0x00000032   Code   RO          197    i.hts221_block_data_update_set  hts221_reg.o
    0x0800d55e   0x0800d55e   0x00000050   Code   RO          200    i.hts221_data_rate_get  hts221_reg.o
    0x0800d5ae   0x0800d5ae   0x00000032   Code   RO          201    i.hts221_data_rate_set  hts221_reg.o
    0x0800d5e0   0x0800d5e0   0x00000018   Code   RO          202    i.hts221_device_id_get  hts221_reg.o
    0x0800d5f8   0x0800d5f8   0x00000018   Code   RO          207    i.hts221_hum_adc_point_0_get  hts221_reg.o
    0x0800d610   0x0800d610   0x00000018   Code   RO          208    i.hts221_hum_adc_point_1_get  hts221_reg.o
    0x0800d628   0x0800d628   0x0000001e   Code   RO          210    i.hts221_hum_rh_point_0_get  hts221_reg.o
    0x0800d646   0x0800d646   0x0000001e   Code   RO          211    i.hts221_hum_rh_point_1_get  hts221_reg.o
    0x0800d664   0x0800d664   0x00000018   Code   RO          214    i.hts221_humidity_raw_get  hts221_reg.o
    0x0800d67c   0x0800d67c   0x00000032   Code   RO          222    i.hts221_power_on_set  hts221_reg.o
    0x0800d6ae   0x0800d6ae   0x00000020   Code   RO          223    i.hts221_read_reg   hts221_reg.o
    0x0800d6ce   0x0800d6ce   0x00000018   Code   RO          225    i.hts221_temp_adc_point_0_get  hts221_reg.o
    0x0800d6e6   0x0800d6e6   0x00000018   Code   RO          226    i.hts221_temp_adc_point_1_get  hts221_reg.o
    0x0800d6fe   0x0800d6fe   0x00000040   Code   RO          228    i.hts221_temp_deg_point_0_get  hts221_reg.o
    0x0800d73e   0x0800d73e   0x00000040   Code   RO          229    i.hts221_temp_deg_point_1_get  hts221_reg.o
    0x0800d77e   0x0800d77e   0x00000018   Code   RO          232    i.hts221_temperature_raw_get  hts221_reg.o
    0x0800d796   0x0800d796   0x00000022   Code   RO          233    i.hts221_write_reg  hts221_reg.o
    0x0800d7b8   0x0800d7b8   0x000001e4   Code   RO        10225    i.init_LSM9DS1_I2C  lsm9ds1.o
    0x0800d99c   0x0800d99c   0x00000032   Code   RO          674    i.lps22hb_auto_add_inc_set  lps22hb_reg.o
    0x0800d9ce   0x0800d9ce   0x00000032   Code   RO          680    i.lps22hb_block_data_update_set  lps22hb_reg.o
    0x0800da00   0x0800da00   0x0000005a   Code   RO          684    i.lps22hb_data_rate_get  lps22hb_reg.o
    0x0800da5a   0x0800da5a   0x00000032   Code   RO          685    i.lps22hb_data_rate_set  lps22hb_reg.o
    0x0800da8c   0x0800da8c   0x00000018   Code   RO          687    i.lps22hb_device_id_get  lps22hb_reg.o
    0x0800daa4   0x0800daa4   0x00000018   Code   RO          705    i.lps22hb_from_lsb_to_degc  lps22hb_reg.o
    0x0800dabc   0x0800dabc   0x00000018   Code   RO          706    i.lps22hb_from_lsb_to_hpa  lps22hb_reg.o
    0x0800dad4   0x0800dad4   0x00000032   Code   RO          724    i.lps22hb_low_pass_filter_mode_set  lps22hb_reg.o
    0x0800db06   0x0800db06   0x00000032   Code   RO          727    i.lps22hb_low_power_set  lps22hb_reg.o
    0x0800db38   0x0800db38   0x00000018   Code   RO          736    i.lps22hb_pressure_raw_get  lps22hb_reg.o
    0x0800db50   0x0800db50   0x00000020   Code   RO          743    i.lps22hb_read_reg  lps22hb_reg.o
    0x0800db70   0x0800db70   0x00000018   Code   RO          754    i.lps22hb_temperature_raw_get  lps22hb_reg.o
    0x0800db88   0x0800db88   0x00000022   Code   RO          755    i.lps22hb_write_reg  lps22hb_reg.o
    0x0800dbaa   0x0800dbaa   0x00000018   Code   RO         3490    i.lsm303agr_acceleration_raw_get  lsm303agr_reg.o
    0x0800dbc2   0x0800dbc2   0x00000032   Code   RO         3514    i.lsm303agr_mag_block_data_update_set  lsm303agr_reg.o
    0x0800dbf4   0x0800dbf4   0x00000050   Code   RO         3520    i.lsm303agr_mag_data_rate_get  lsm303agr_reg.o
    0x0800dc44   0x0800dc44   0x00000032   Code   RO         3521    i.lsm303agr_mag_data_rate_set  lsm303agr_reg.o
    0x0800dc76   0x0800dc76   0x00000018   Code   RO         3523    i.lsm303agr_mag_device_id_get  lsm303agr_reg.o
    0x0800dc8e   0x0800dc8e   0x00000032   Code   RO         3527    i.lsm303agr_mag_i2c_interface_set  lsm303agr_reg.o
    0x0800dcc0   0x0800dcc0   0x00000032   Code   RO         3542    i.lsm303agr_mag_operating_mode_set  lsm303agr_reg.o
    0x0800dcf2   0x0800dcf2   0x00000032   Code   RO         3548    i.lsm303agr_mag_self_test_set  lsm303agr_reg.o
    0x0800dd24   0x0800dd24   0x00000018   Code   RO         3556    i.lsm303agr_magnetic_raw_get  lsm303agr_reg.o
    0x0800dd3c   0x0800dd3c   0x00000020   Code   RO         3559    i.lsm303agr_read_reg  lsm303agr_reg.o
    0x0800dd5c   0x0800dd5c   0x00000022   Code   RO         3573    i.lsm303agr_write_reg  lsm303agr_reg.o
    0x0800dd7e   0x0800dd7e   0x00000032   Code   RO         3575    i.lsm303agr_xl_block_data_update_set  lsm303agr_reg.o
    0x0800ddb0   0x0800ddb0   0x00000074   Code   RO         3581    i.lsm303agr_xl_data_rate_get  lsm303agr_reg.o
    0x0800de24   0x0800de24   0x00000032   Code   RO         3582    i.lsm303agr_xl_data_rate_set  lsm303agr_reg.o
    0x0800de56   0x0800de56   0x00000018   Code   RO         3584    i.lsm303agr_xl_device_id_get  lsm303agr_reg.o
    0x0800de6e   0x0800de6e   0x00000032   Code   RO         3590    i.lsm303agr_xl_fifo_mode_set  lsm303agr_reg.o
    0x0800dea0   0x0800dea0   0x00000050   Code   RO         3600    i.lsm303agr_xl_full_scale_get  lsm303agr_reg.o
    0x0800def0   0x0800def0   0x00000032   Code   RO         3601    i.lsm303agr_xl_full_scale_set  lsm303agr_reg.o
    0x0800df22   0x0800df22   0x0000004c   Code   RO         3632    i.lsm303agr_xl_operating_mode_get  lsm303agr_reg.o
    0x0800df6e   0x0800df6e   0x00000018   Code   RO         1738    i.lsm6dsl_acceleration_raw_get  lsm6dsl_reg.o
    0x0800df86   0x0800df86   0x00000018   Code   RO         1746    i.lsm6dsl_angular_rate_raw_get  lsm6dsl_reg.o
    0x0800df9e   0x0800df9e   0x00000032   Code   RO         1748    i.lsm6dsl_auto_increment_set  lsm6dsl_reg.o
    0x0800dfd0   0x0800dfd0   0x00000032   Code   RO         1750    i.lsm6dsl_block_data_update_set  lsm6dsl_reg.o
    0x0800e002   0x0800e002   0x00000018   Code   RO         1769    i.lsm6dsl_device_id_get  lsm6dsl_reg.o
    0x0800e01a   0x0800e01a   0x00000032   Code   RO         1784    i.lsm6dsl_fifo_mode_set  lsm6dsl_reg.o
    0x0800e04c   0x0800e04c   0x0000007c   Code   RO         1817    i.lsm6dsl_gy_data_rate_get  lsm6dsl_reg.o
    0x0800e0c8   0x0800e0c8   0x00000032   Code   RO         1818    i.lsm6dsl_gy_data_rate_set  lsm6dsl_reg.o
    0x0800e0fa   0x0800e0fa   0x00000056   Code   RO         1820    i.lsm6dsl_gy_full_scale_get  lsm6dsl_reg.o
    0x0800e150   0x0800e150   0x00000032   Code   RO         1821    i.lsm6dsl_gy_full_scale_set  lsm6dsl_reg.o
    0x0800e182   0x0800e182   0x00000020   Code   RO         1869    i.lsm6dsl_read_reg  lsm6dsl_reg.o
    0x0800e1a2   0x0800e1a2   0x00000022   Code   RO         1952    i.lsm6dsl_write_reg  lsm6dsl_reg.o
    0x0800e1c4   0x0800e1c4   0x00000082   Code   RO         1953    i.lsm6dsl_xl_data_rate_get  lsm6dsl_reg.o
    0x0800e246   0x0800e246   0x00000032   Code   RO         1954    i.lsm6dsl_xl_data_rate_set  lsm6dsl_reg.o
    0x0800e278   0x0800e278   0x00000050   Code   RO         1958    i.lsm6dsl_xl_full_scale_get  lsm6dsl_reg.o
    0x0800e2c8   0x0800e2c8   0x00000032   Code   RO         1959    i.lsm6dsl_xl_full_scale_set  lsm6dsl_reg.o
    0x0800e2fa   0x0800e2fa   0x00000002   PAD
    0x0800e2fc   0x0800e2fc   0x000000f4   Code   RO         9570    i.main              main.o
    0x0800e3f0   0x0800e3f0   0x0000003a   Code   RO         9963    i.q_conjug          motionec_manager.o
    0x0800e42a   0x0800e42a   0x000000d2   Code   RO         9964    i.q_multiply        motionec_manager.o
    0x0800e4fc   0x0800e4fc   0x00000010   Code   RO        10405    i.roundf            m_wm.l(roundf.o)
    0x0800e50c   0x0800e50c   0x0000006e   Code   RO        10394    i.sqrt              m_wm.l(sqrt.o)
    0x0800e57a   0x0800e57a   0x0000003e   Code   RO        10493    i.sqrtf             m_wm.l(sqrtf.o)
    0x0800e5b8   0x0800e5b8   0x0000009e   Code   RO         9965    i.transform_xyz_to_enu  motionec_manager.o
    0x0800e656   0x0800e656   0x00000002   PAD
    0x0800e658   0x0800e658   0x00000068   Code   RO         9966    i.v_rotate          motionec_manager.o
    0x0800e6c0   0x0800e6c0   0x00000005   Data   RO         4448    .constdata          stm32f4xx_nucleo.o
    0x0800e6c5   0x0800e6c5   0x00000018   Data   RO         5450    .constdata          system_stm32f4xx.o
    0x0800e6dd   0x0800e6dd   0x00000008   Data   RO         5883    .constdata          stm32f4xx_hal_dma.o
    0x0800e6e5   0x0800e6e5   0x00000003   PAD
    0x0800e6e8   0x0800e6e8   0x0000000c   Data   RO         9967    .constdata          motionec_manager.o
    0x0800e6f4   0x0800e6f4   0x00000004   PAD
    0x0800e6f8   0x0800e6f8   0x00000050   Data   RO        10327    .constdata          m_wm.l(asin.o)
    0x0800e748   0x0800e748   0x00000098   Data   RO        10436    .constdata          m_wm.l(atan.o)
    0x0800e7e0   0x0800e7e0   0x00000008   Data   RO        10487    .constdata          m_wm.l(qnan.o)
    0x0800e7e8   0x0800e7e8   0x00000020   Data   RO        10489    .constdata          m_wm.l(rredf.o)
    0x0800e808   0x0800e808   0x00000023   Data   RO        10297    .rodata             MotionEC_CM4F_wc16_ot.a(motion_ec.o)
    0x0800e82b   0x0800e82b   0x00000001   PAD
    0x0800e82c   0x0800e82c   0x00000020   Data   RO        10548    Region$$Table       anon$$obj.o


    Execution Region RW_IRAM1 (Exec base: 0x20000000, Load base: 0x0800e84c, Size: 0x00009308, Max: 0x00018000, ABSOLUTE, COMPRESSED[0x0000015c])

    Exec Addr    Load Addr    Size         Type   Attr      Idx    E Section Name        Object

    0x20000000   COMPRESSED   0x00000038   Data   RW           30    .data               hts221.o
    0x20000038   COMPRESSED   0x00000038   Data   RW          469    .data               lps22hb.o
    0x20000070   COMPRESSED   0x00000058   Data   RW         1268    .data               lsm6dsl.o
    0x200000c8   COMPRESSED   0x00000068   Data   RW         3259    .data               lsm303agr.o
    0x20000130   COMPRESSED   0x0000000c   Data   RW         4449    .data               stm32f4xx_nucleo.o
    0x2000013c   COMPRESSED   0x0000002c   Data   RW         4737    .data               iks01a2_env_sensors.o
    0x20000168   COMPRESSED   0x00000014   Data   RW         4969    .data               iks01a2_motion_sensors.o
    0x2000017c   COMPRESSED   0x00000004   Data   RW         5451    .data               system_stm32f4xx.o
    0x20000180   COMPRESSED   0x00000009   Data   RW         5512    .data               stm32f4xx_hal.o
    0x20000189   COMPRESSED   0x0000002a   Data   RW         9425    .data               demoserial.o
    0x200001b3   COMPRESSED   0x00000001   PAD
    0x200001b4   COMPRESSED   0x0000000c   Data   RW         9508    .data               com.o
    0x200001c0   COMPRESSED   0x00000011   Data   RW         9573    .data               main.o
    0x200001d1   COMPRESSED   0x00000003   PAD
    0x200001d4   COMPRESSED   0x00000024   Data   RW         9968    .data               motionec_manager.o
    0x200001f8   COMPRESSED   0x00000004   Data   RW        10037    .data               motionmc_manager.o
    0x200001fc   COMPRESSED   0x00000044   Data   RW        10282    .data               MotionEC_CM4F_wc16_ot.a(motion_ec.o)
    0x20000240   COMPRESSED   0x00000004   Data   RW        10299    .data               MotionMC_CM4F_wc16_ot.a(motion_mc.o)
    0x20000244   COMPRESSED   0x00000004   Data   RW        10524    .data               mc_w.l(errno.o)
    0x20000248        -       0x00000070   Zero   RW         4736    .bss                iks01a2_env_sensors.o
    0x200002b8        -       0x000000d0   Zero   RW         4968    .bss                iks01a2_motion_sensors.o
    0x20000388        -       0x000004a0   Zero   RW         9507    .bss                com.o
    0x20000828        -       0x00000084   Zero   RW         9572    .bss                main.o
    0x200008ac        -       0x00000054   Zero   RW        10130    .bss                nucleo_f401re_bus.o
    0x20000900        -       0x00000054   Zero   RW        10258    .bss                i2c.o
    0x20000954        -       0x00000020   Zero   RW        10283    .bss                MotionEC_CM4F_wc16_ot.a(motion_ec.o)
    0x20000974        -       0x0000057d   Zero   RW        10300    .bss                MotionMC_CM4F_wc16_ot.a(motion_mc.o)
    0x20000ef1   COMPRESSED   0x00000007   PAD
    0x20000ef8        -       0x00008000   Zero   RW         9411    STACK               startup_stm32f401xe.o
    0x20008ef8        -       0x00000410   Zero   RW        10547    magProcBuff         anon$$obj.o


==============================================================================

Image component sizes


      Code (inc. data)   RO Data    RW Data    ZI Data      Debug   Object Name

       628         52          0         12       1184       5122   com.o
      1044         26          0          0          0       3470   cube_hal_f4.o
       728         36          0         42          0       3976   demoserial.o
      1392         26          0         56          0      32357   hts221.o
       652          0          0          0          0      14404   hts221_reg.o
        60         12          0          0         84        839   i2c.o
      1200        188          0         44        112      16087   iks01a2_env_sensors.o
      1716        268          0         20        208      30402   iks01a2_motion_sensors.o
      1416         48          0         56          0      25872   lps22hb.o
       526         18          0          0          0      11091   lps22hb_reg.o
      3032        182          0        104          0      48050   lsm303agr.o
       964         10          0          0          0      16891   lsm303agr_reg.o
      3020        296          0         88          0      57181   lsm6dsl.o
       908         32          0          0          0      14302   lsm6dsl_reg.o
       484          8          0          0          0        735   lsm9ds1.o
      1420        128          0         17        132      14302   main.o
      1356         60         12         36          0       7570   motionec_manager.o
       464         16          0          4          0       5891   motionmc_manager.o
       448         66          0          0         84       6341   nucleo_f401re_bus.o
       260          0          0          0          0       6074   serial_protocol.o
        36          8        404          0      32768        880   startup_stm32f401xe.o
       202         34          0          9          0       5923   stm32f4xx_hal.o
       298         22          0          0          0      31715   stm32f4xx_hal_cortex.o
       660         10          8          0          0       5090   stm32f4xx_hal_dma.o
       820         66          0          0          0       4329   stm32f4xx_hal_gpio.o
      2840         46          0          0          0      14414   stm32f4xx_hal_i2c.o
        76          0          0          0          0       1327   stm32f4xx_hal_i2c_ex.o
       632         64          0          0          0       3563   stm32f4xx_hal_msp.o
        12          4          0          0          0        651   stm32f4xx_hal_pwr.o
      1732         84          0          0          0       6300   stm32f4xx_hal_rcc.o
       436         24          0          0          0       1644   stm32f4xx_hal_rcc_ex.o
      1116         22          0          0          0       8422   stm32f4xx_hal_rtc.o
      1110         30          0          0          0      11738   stm32f4xx_hal_tim.o
        88          0          0          0          0       2885   stm32f4xx_hal_tim_ex.o
      1728         22          0          0          0      11499   stm32f4xx_hal_uart.o
        44          6          0          0          0       3280   stm32f4xx_it.o
       320         48          5         12          0     461380   stm32f4xx_nucleo.o
       100         18         24          4          0       1715   system_stm32f4xx.o

    ----------------------------------------------------------------------
     34024       1980        492        508      35612     897712   Object Totals
         0          0         32          0       1040          0   (incl. Generated)
        56          0          7          4          0          0   (incl. Padding)

    ----------------------------------------------------------------------

      Code (inc. data)   RO Data    RW Data    ZI Data      Debug   Library Member Name

      2372         92         35         68         32          0   motion_ec.o
     15226        348          0          4       1405          0   motion_mc.o
       296         46          0          0          0        300   acosf.o
       880         94         80          0          0        404   asin.o
       744        106        152          0          0        352   atan.o
       516         64          0          0          0        316   atan2.o
       592         90          0          0          0        184   atan2f.o
       352         56          0          0          0        260   cosf.o
       104         16          0          0          0        496   dunder.o
        24          0          0          0          0        124   fabs.o
       112         14          0          0          0        116   floorf.o
        48          0          0          0          0        124   fpclassify.o
        38          0          0          0          0        116   fpclassifyf.o
        44         12          0          0          0        464   funder.o
       248          0          0          0          0        152   poly.o
         0          0          8          0          0          0   qnan.o
       170          0          0          0          0        264   roundf.o
       340         24         32          0          0        160   rredf.o
       400         56          0          0          0        212   sinf.o
       110          0          0          0          0        148   sqrt.o
        62          0          0          0          0        136   sqrtf.o
        86          0          0          0          0          0   __dczerorl2.o
         0          0          0          0          0          0   entry.o
         0          0          0          0          0          0   entry10a.o
         0          0          0          0          0          0   entry11a.o
         8          4          0          0          0          0   entry2.o
         4          0          0          0          0          0   entry5.o
         0          0          0          0          0          0   entry7b.o
         0          0          0          0          0          0   entry8b.o
         8          4          0          0          0          0   entry9a.o
        12          6          0          4          0         68   errno.o
        30          0          0          0          0          0   handlers.o
        36          8          0          0          0         68   init.o
         0          0          0          0          0          0   iusefp.o
        30          0          0          0          0         68   llshl.o
        36          0          0          0          0         68   llsshr.o
        32          0          0          0          0         68   llushr.o
        40          0          0          0          0         76   memcpy.o
        36          0          0          0          0        108   memseta.o
        98          0          0          0          0         92   uldiv.o
        56          0          0          0          0         88   d2f.o
       334          0          0          0          0        148   dadd.o
       222          0          0          0          0        100   ddiv.o
       186          0          0          0          0        176   depilogue.o
        62          0          0          0          0         80   dfixi.o
        34          0          0          0          0         76   dflti.o
       228          0          0          0          0         96   dmul.o
       162          0          0          0          0        100   dsqrt.o
        38          0          0          0          0         68   f2d.o
       110          0          0          0          0        168   fepilogue.o
        60          0          0          0          0         76   frnd.o

    ----------------------------------------------------------------------
     24644       1040        308         76       1444       6120   Library Totals
        18          0          1          0          7          0   (incl. Padding)

    ----------------------------------------------------------------------

      Code (inc. data)   RO Data    RW Data    ZI Data      Debug   Library Name

      2372         92         35         68         32          0   MotionEC_CM4F_wc16_ot.a
     15226        348          0          4       1405          0   MotionMC_CM4F_wc16_ot.a
      5080        578        272          0          0       4328   m_wm.l
       456         22          0          4          0        616   mc_w.l
      1492          0          0          0          0       1176   mf_w.l

    ----------------------------------------------------------------------
     24644       1040        308         76       1444       6120   Library Totals

    ----------------------------------------------------------------------

==============================================================================


      Code (inc. data)   RO Data    RW Data    ZI Data      Debug   

     58668       3020        800        584      37056     865984   Grand Totals
     58668       3020        800        348      37056     865984   ELF Image Totals (compressed)
     58668       3020        800        348          0          0   ROM Totals

==============================================================================

    Total RO  Size (Code + RO Data)                59468 (  58.07kB)
    Total RW  Size (RW Data + ZI Data)             37640 (  36.76kB)
    Total ROM Size (Code + RO Data + RW Data)      59816 (  58.41kB)

==============================================================================

